[0m11:48:49.571161 [debug] [MainThread]: Sending event: {'category': 'dbt', 'action': 'invocation', 'label': 'start', 'context': [<snowplow_tracker.self_describing_json.SelfDescribingJson object at 0x000001495D1B4F80>, <snowplow_tracker.self_describing_json.SelfDescribingJson object at 0x000001495D1B7B30>, <snowplow_tracker.self_describing_json.SelfDescribingJson object at 0x000001495D1D1D30>]}


============================== 11:48:49.679857 | 459f316e-3a47-4385-b19a-c3bc6acdf1c4 ==============================
[0m11:48:49.679857 [info ] [MainThread]: Running with dbt=1.11.8
[0m11:48:49.681368 [debug] [MainThread]: running dbt with arguments {'static_parser': 'True', 'no_print': 'None', 'version_check': 'True', 'warn_error_options': 'WarnErrorOptionsV2(error=[], warn=[], silence=[])', 'target_path': 'None', 'printer_width': '80', 'write_json': 'True', 'introspect': 'True', 'log_cache_events': 'False', 'empty': 'None', 'cache_selected_only': 'False', 'log_format': 'default', 'debug': 'False', 'fail_fast': 'False', 'partial_parse': 'True', 'send_anonymous_usage_stats': 'True', 'quiet': 'False', 'warn_error': 'None', 'profiles_dir': 'C:\\Users\\sagir\\.dbt', 'use_colors': 'True', 'invocation_command': 'dbt init', 'indirect_selection': 'eager', 'use_experimental_parser': 'False', 'log_path': 'logs'}
[0m11:50:03.691478 [debug] [MainThread]: Starter project path: C:\PortfolioProjects\DataEngineering\dbt_aws_snowflake\.venv\Lib\site-packages\dbt\include\starter_project
[0m11:50:03.824575 [info ] [MainThread]: 
Your new dbt project "dbt_aws_snowflake_project" was created!

For more information on how to configure the profiles.yml file,
please consult the dbt documentation here:

  https://docs.getdbt.com/docs/configure-your-profile

One more thing:

Need help? Don't hesitate to reach out to us via GitHub issues or on Slack:

  https://community.getdbt.com/

Happy modeling!

[0m11:50:03.829718 [info ] [MainThread]: Setting up your profile.
[0m12:16:43.763188 [debug] [MainThread]: Snowflake adapter: Setting snowflake.connector to ERROR (file logging only)
[0m12:16:43.769127 [debug] [MainThread]: Snowflake adapter: Setting botocore to ERROR (file logging only)
[0m12:16:43.771133 [debug] [MainThread]: Snowflake adapter: Setting boto3 to ERROR (file logging only)
[0m05:03:49.005569 [info ] [MainThread]: Profile dbt_aws_snowflake_project written to C:\Users\sagir\.dbt\profiles.yml using target's profile_template.yml and your supplied values. Run 'dbt debug' to validate the connection.
[0m05:03:49.195379 [debug] [MainThread]: Command `dbt init` succeeded at 05:03:49.195379 after 62099.93 seconds
[0m05:03:49.225606 [debug] [MainThread]: Sending event: {'category': 'dbt', 'action': 'invocation', 'label': 'end', 'context': [<snowplow_tracker.self_describing_json.SelfDescribingJson object at 0x000001495C094230>, <snowplow_tracker.self_describing_json.SelfDescribingJson object at 0x000001496069CA70>, <snowplow_tracker.self_describing_json.SelfDescribingJson object at 0x0000014960D77D10>]}
[0m05:03:49.240351 [debug] [MainThread]: Flushing usage events
[0m05:03:50.082341 [debug] [MainThread]: An error was encountered while trying to flush usage events
[0m05:13:40.243768 [debug] [MainThread]: Sending event: {'category': 'dbt', 'action': 'invocation', 'label': 'start', 'context': [<snowplow_tracker.self_describing_json.SelfDescribingJson object at 0x00000272AF69D3A0>, <snowplow_tracker.self_describing_json.SelfDescribingJson object at 0x00000272AED9F9E0>, <snowplow_tracker.self_describing_json.SelfDescribingJson object at 0x00000272AEF1B9E0>]}


============================== 05:13:40.259522 | 56e6ed98-2619-49de-b3dd-2e7532e0e78f ==============================
[0m05:13:40.259522 [info ] [MainThread]: Running with dbt=1.11.8
[0m05:13:40.266118 [debug] [MainThread]: running dbt with arguments {'version_check': 'True', 'no_print': 'None', 'static_parser': 'True', 'target_path': 'None', 'warn_error_options': 'WarnErrorOptionsV2(error=[], warn=[], silence=[])', 'printer_width': '80', 'write_json': 'True', 'empty': 'None', 'log_cache_events': 'False', 'introspect': 'True', 'cache_selected_only': 'False', 'log_format': 'default', 'debug': 'False', 'fail_fast': 'False', 'partial_parse': 'True', 'send_anonymous_usage_stats': 'True', 'quiet': 'False', 'warn_error': 'None', 'profiles_dir': 'C:\\Users\\sagir\\.dbt', 'indirect_selection': 'eager', 'invocation_command': 'dbt debug', 'use_colors': 'True', 'use_experimental_parser': 'False', 'log_path': 'logs'}
[0m05:13:40.369969 [info ] [MainThread]: dbt version: 1.11.8
[0m05:13:40.369969 [info ] [MainThread]: python version: 3.12.11
[0m05:13:40.376301 [info ] [MainThread]: python path: C:\PortfolioProjects\DataEngineering\dbt_aws_snowflake\.venv\Scripts\python.exe
[0m05:13:40.376301 [info ] [MainThread]: os info: Windows-11-10.0.26200-SP0
[0m05:13:41.751980 [debug] [MainThread]: Snowflake adapter: Setting snowflake.connector to ERROR (file logging only)
[0m05:13:41.751980 [debug] [MainThread]: Snowflake adapter: Setting botocore to ERROR (file logging only)
[0m05:13:41.751980 [debug] [MainThread]: Snowflake adapter: Setting boto3 to ERROR (file logging only)
[0m05:13:42.002504 [info ] [MainThread]: Using profiles dir at C:\Users\sagir\.dbt
[0m05:13:42.002504 [info ] [MainThread]: Using profiles.yml file at C:\Users\sagir\.dbt\profiles.yml
[0m05:13:42.002504 [info ] [MainThread]: Using dbt_project.yml file at C:\PortfolioProjects\DataEngineering\dbt_aws_snowflake\dbt_project.yml
[0m05:13:42.005456 [error] [MainThread]: Encountered an error:
Internal Error
  Profile should not be None if loading profile completed
[0m05:13:42.007236 [debug] [MainThread]: Command `dbt debug` failed at 05:13:42.007236 after 2.26 seconds
[0m05:13:42.007236 [debug] [MainThread]: Sending event: {'category': 'dbt', 'action': 'invocation', 'label': 'end', 'context': [<snowplow_tracker.self_describing_json.SelfDescribingJson object at 0x00000272AF69D3A0>, <snowplow_tracker.self_describing_json.SelfDescribingJson object at 0x00000272B0DF99A0>, <snowplow_tracker.self_describing_json.SelfDescribingJson object at 0x00000272ACDB9D00>]}
[0m05:13:42.008399 [debug] [MainThread]: Flushing usage events
[0m05:13:42.576475 [debug] [MainThread]: An error was encountered while trying to flush usage events
[0m06:59:46.179031 [debug] [MainThread]: Sending event: {'category': 'dbt', 'action': 'invocation', 'label': 'start', 'context': [<snowplow_tracker.self_describing_json.SelfDescribingJson object at 0x0000023BEE30DA60>, <snowplow_tracker.self_describing_json.SelfDescribingJson object at 0x0000023BEE2BB3B0>, <snowplow_tracker.self_describing_json.SelfDescribingJson object at 0x0000023BEE8E1280>]}


============================== 06:59:46.187691 | 9c82c69e-3da1-4b7e-bbca-d3e13aee89b0 ==============================
[0m06:59:46.187691 [info ] [MainThread]: Running with dbt=1.11.8
[0m06:59:46.187691 [debug] [MainThread]: running dbt with arguments {'static_parser': 'True', 'no_print': 'None', 'version_check': 'True', 'warn_error_options': 'WarnErrorOptionsV2(error=[], warn=[], silence=[])', 'target_path': 'None', 'printer_width': '80', 'write_json': 'True', 'empty': 'False', 'log_cache_events': 'False', 'introspect': 'True', 'cache_selected_only': 'False', 'fail_fast': 'False', 'debug': 'False', 'log_format': 'default', 'partial_parse': 'True', 'send_anonymous_usage_stats': 'True', 'quiet': 'False', 'warn_error': 'None', 'profiles_dir': 'C:\\Users\\sagir\\.dbt', 'invocation_command': 'dbt run', 'indirect_selection': 'eager', 'use_colors': 'True', 'use_experimental_parser': 'False', 'log_path': 'logs'}
[0m06:59:46.187691 [error] [MainThread]: Encountered an error:
Runtime Error
  No dbt_project.yml found at expected path C:\PortfolioProjects\DataEngineering\dbt_aws_snowflake\dbt_project.yml
  Verify that each entry within packages.yml (and their transitive dependencies) contains a file named dbt_project.yml
  
[0m06:59:46.187691 [debug] [MainThread]: Command `dbt run` failed at 06:59:46.187691 after 0.45 seconds
[0m06:59:46.187691 [debug] [MainThread]: Sending event: {'category': 'dbt', 'action': 'invocation', 'label': 'end', 'context': [<snowplow_tracker.self_describing_json.SelfDescribingJson object at 0x0000023BEE337A10>, <snowplow_tracker.self_describing_json.SelfDescribingJson object at 0x0000023BEEFECF50>, <snowplow_tracker.self_describing_json.SelfDescribingJson object at 0x0000023BEE73AED0>]}
[0m06:59:46.187691 [debug] [MainThread]: Flushing usage events
[0m06:59:46.804458 [debug] [MainThread]: An error was encountered while trying to flush usage events
[0m09:41:51.859154 [debug] [MainThread]: Sending event: {'category': 'dbt', 'action': 'invocation', 'label': 'start', 'context': [<snowplow_tracker.self_describing_json.SelfDescribingJson object at 0x000001FD6B2D9B20>, <snowplow_tracker.self_describing_json.SelfDescribingJson object at 0x000001FD6AE22ED0>, <snowplow_tracker.self_describing_json.SelfDescribingJson object at 0x000001FD6B7AF110>]}


============================== 09:41:51.869250 | 5165e6a7-8602-49fd-afcf-696f1e294ec3 ==============================
[0m09:41:51.869250 [info ] [MainThread]: Running with dbt=1.11.8
[0m09:41:51.869250 [debug] [MainThread]: running dbt with arguments {'version_check': 'True', 'no_print': 'None', 'static_parser': 'True', 'target_path': 'None', 'warn_error_options': 'WarnErrorOptionsV2(error=[], warn=[], silence=[])', 'printer_width': '80', 'write_json': 'True', 'introspect': 'True', 'log_cache_events': 'False', 'empty': 'False', 'cache_selected_only': 'False', 'log_format': 'default', 'debug': 'False', 'fail_fast': 'False', 'profiles_dir': 'C:\\Users\\sagir\\.dbt', 'send_anonymous_usage_stats': 'True', 'quiet': 'False', 'warn_error': 'None', 'partial_parse': 'True', 'indirect_selection': 'eager', 'use_colors': 'True', 'invocation_command': 'dbt run', 'use_experimental_parser': 'False', 'log_path': 'logs'}
[0m09:41:51.872499 [error] [MainThread]: Encountered an error:
Runtime Error
  No dbt_project.yml found at expected path C:\PortfolioProjects\DataEngineering\dbt_aws_snowflake\dbt_project.yml
  Verify that each entry within packages.yml (and their transitive dependencies) contains a file named dbt_project.yml
  
[0m09:41:51.872499 [debug] [MainThread]: Command `dbt run` failed at 09:41:51.872499 after 0.28 seconds
[0m09:41:51.872499 [debug] [MainThread]: Sending event: {'category': 'dbt', 'action': 'invocation', 'label': 'end', 'context': [<snowplow_tracker.self_describing_json.SelfDescribingJson object at 0x000001FD6AFFA1E0>, <snowplow_tracker.self_describing_json.SelfDescribingJson object at 0x000001FD67AF5A30>, <snowplow_tracker.self_describing_json.SelfDescribingJson object at 0x000001FD6B2D9B20>]}
[0m09:41:51.872499 [debug] [MainThread]: Flushing usage events
[0m09:41:52.311044 [debug] [MainThread]: An error was encountered while trying to flush usage events
[0m09:42:53.923115 [debug] [MainThread]: Sending event: {'category': 'dbt', 'action': 'invocation', 'label': 'start', 'context': [<snowplow_tracker.self_describing_json.SelfDescribingJson object at 0x000001F9DCE18290>, <snowplow_tracker.self_describing_json.SelfDescribingJson object at 0x000001F9DCE18F80>, <snowplow_tracker.self_describing_json.SelfDescribingJson object at 0x000001F9DCE1B5C0>]}


============================== 09:42:53.923115 | da02751c-3e05-48a2-ae41-92e2a17b86e9 ==============================
[0m09:42:53.923115 [info ] [MainThread]: Running with dbt=1.11.8
[0m09:42:53.923115 [debug] [MainThread]: running dbt with arguments {'version_check': 'True', 'no_print': 'None', 'static_parser': 'True', 'target_path': 'None', 'warn_error_options': 'WarnErrorOptionsV2(error=[], warn=[], silence=[])', 'printer_width': '80', 'write_json': 'True', 'empty': 'None', 'log_cache_events': 'False', 'introspect': 'True', 'cache_selected_only': 'False', 'fail_fast': 'False', 'debug': 'False', 'log_format': 'default', 'profiles_dir': 'C:\\Users\\sagir\\.dbt', 'send_anonymous_usage_stats': 'True', 'quiet': 'False', 'warn_error': 'None', 'partial_parse': 'True', 'indirect_selection': 'eager', 'invocation_command': 'dbt ', 'use_colors': 'True', 'use_experimental_parser': 'False', 'log_path': 'c:\\PortfolioProjects\\DataEngineering\\dbt_aws_snowflake\\logs'}
[0m09:42:54.041049 [debug] [MainThread]: Sending event: {'category': 'dbt', 'action': 'project_id', 'label': 'da02751c-3e05-48a2-ae41-92e2a17b86e9', 'context': [<snowplow_tracker.self_describing_json.SelfDescribingJson object at 0x000001F9DA096F00>]}
[0m09:42:54.071900 [info ] [MainThread]: Warning: No packages were found in packages.yml
[0m09:42:54.073327 [info ] [MainThread]: Warning: No packages were found in packages.yml
[0m09:42:54.073327 [debug] [MainThread]: Command `cli deps` succeeded at 09:42:54.073327 after 0.28 seconds
[0m09:42:54.073327 [debug] [MainThread]: Sending event: {'category': 'dbt', 'action': 'invocation', 'label': 'end', 'context': [<snowplow_tracker.self_describing_json.SelfDescribingJson object at 0x000001F9DCF08530>, <snowplow_tracker.self_describing_json.SelfDescribingJson object at 0x000001F9DA096F00>, <snowplow_tracker.self_describing_json.SelfDescribingJson object at 0x000001F9D969E120>]}
[0m09:42:54.073327 [debug] [MainThread]: Flushing usage events
[0m09:42:54.442256 [debug] [MainThread]: An error was encountered while trying to flush usage events
[0m09:43:19.131831 [debug] [MainThread]: Sending event: {'category': 'dbt', 'action': 'invocation', 'label': 'start', 'context': [<snowplow_tracker.self_describing_json.SelfDescribingJson object at 0x00000189EEAD5670>, <snowplow_tracker.self_describing_json.SelfDescribingJson object at 0x00000189F075DEE0>, <snowplow_tracker.self_describing_json.SelfDescribingJson object at 0x00000189F1208650>]}


============================== 09:43:19.134835 | c1ab81ea-efcc-44aa-9cd1-47c6f3df4756 ==============================
[0m09:43:19.134835 [info ] [MainThread]: Running with dbt=1.11.8
[0m09:43:19.135837 [debug] [MainThread]: running dbt with arguments {'static_parser': 'True', 'no_print': 'None', 'version_check': 'True', 'target_path': 'None', 'warn_error_options': 'WarnErrorOptionsV2(error=[], warn=[], silence=[])', 'printer_width': '80', 'write_json': 'True', 'empty': 'False', 'log_cache_events': 'False', 'introspect': 'True', 'cache_selected_only': 'False', 'log_format': 'default', 'debug': 'False', 'fail_fast': 'False', 'profiles_dir': 'C:\\Users\\sagir\\.dbt', 'send_anonymous_usage_stats': 'True', 'quiet': 'False', 'warn_error': 'None', 'partial_parse': 'True', 'invocation_command': 'dbt run', 'use_colors': 'True', 'indirect_selection': 'eager', 'use_experimental_parser': 'False', 'log_path': 'C:\\PortfolioProjects\\DataEngineering\\dbt_aws_snowflake\\logs'}
[0m09:43:19.351634 [debug] [MainThread]: Snowflake adapter: Setting snowflake.connector to ERROR (file logging only)
[0m09:43:19.351634 [debug] [MainThread]: Snowflake adapter: Setting botocore to ERROR (file logging only)
[0m09:43:19.351634 [debug] [MainThread]: Snowflake adapter: Setting boto3 to ERROR (file logging only)
[0m09:43:19.546705 [debug] [MainThread]: Sending event: {'category': 'dbt', 'action': 'project_id', 'label': 'c1ab81ea-efcc-44aa-9cd1-47c6f3df4756', 'context': [<snowplow_tracker.self_describing_json.SelfDescribingJson object at 0x00000189F317CB00>]}
[0m09:43:19.602553 [debug] [MainThread]: Sending event: {'category': 'dbt', 'action': 'adapter_info', 'label': 'c1ab81ea-efcc-44aa-9cd1-47c6f3df4756', 'context': [<snowplow_tracker.self_describing_json.SelfDescribingJson object at 0x00000189F431A0C0>]}
[0m09:43:19.602553 [info ] [MainThread]: Registered adapter: snowflake=1.11.4
[0m09:43:19.898777 [debug] [MainThread]: checksum: 7d524ac048c2100769df89d592e662e060a73ca564e31bd9c2a37efdfe8d8ab6, vars: {}, profile: , target: , version: 1.11.8
[0m09:43:19.959628 [debug] [MainThread]: Partial parsing enabled: 0 files deleted, 0 files added, 0 files changed.
[0m09:43:19.961631 [debug] [MainThread]: Nothing changed, skipping partial parsing.
[0m09:43:19.961631 [debug] [MainThread]: Partial parsing enabled, no changes found, skipping parsing
[0m09:43:19.961631 [warn ] [MainThread]: [[33mWARNING[0m]: Configuration paths exist in your dbt_project.yml file which do not apply to any resources.
There are 1 unused configuration paths:
- models.dbt_aws_snowflake_project.example
[0m09:43:19.963672 [debug] [MainThread]: Sending event: {'category': 'dbt', 'action': 'load_project', 'label': 'c1ab81ea-efcc-44aa-9cd1-47c6f3df4756', 'context': [<snowplow_tracker.self_describing_json.SelfDescribingJson object at 0x00000189F44AEA20>]}
[0m09:43:20.008887 [debug] [MainThread]: Wrote artifact WritableManifest to C:\PortfolioProjects\DataEngineering\dbt_aws_snowflake\target\manifest.json
[0m09:43:20.023568 [debug] [MainThread]: Wrote artifact SemanticManifest to C:\PortfolioProjects\DataEngineering\dbt_aws_snowflake\target\semantic_manifest.json
[0m09:43:20.030568 [debug] [MainThread]: Sending event: {'category': 'dbt', 'action': 'resource_counts', 'label': 'c1ab81ea-efcc-44aa-9cd1-47c6f3df4756', 'context': [<snowplow_tracker.self_describing_json.SelfDescribingJson object at 0x00000189F4785E20>]}
[0m09:43:20.030568 [info ] [MainThread]: Found 523 macros
[0m09:43:20.031571 [debug] [MainThread]: Sending event: {'category': 'dbt', 'action': 'runnable_timing', 'label': 'c1ab81ea-efcc-44aa-9cd1-47c6f3df4756', 'context': [<snowplow_tracker.self_describing_json.SelfDescribingJson object at 0x00000189F47C70E0>]}
[0m09:43:20.032627 [warn ] [MainThread]: Nothing to do. Try checking your model configs and model specification args
[0m09:43:20.033628 [debug] [MainThread]: Command end result
[0m09:43:20.046939 [debug] [MainThread]: Wrote artifact WritableManifest to C:\PortfolioProjects\DataEngineering\dbt_aws_snowflake\target\manifest.json
[0m09:43:20.053163 [debug] [MainThread]: Wrote artifact SemanticManifest to C:\PortfolioProjects\DataEngineering\dbt_aws_snowflake\target\semantic_manifest.json
[0m09:43:20.056077 [debug] [MainThread]: Wrote artifact RunExecutionResult to C:\PortfolioProjects\DataEngineering\dbt_aws_snowflake\target\run_results.json
[0m09:43:20.057143 [debug] [MainThread]: Command `dbt run` succeeded at 09:43:20.057143 after 1.06 seconds
[0m09:43:20.058144 [debug] [MainThread]: Sending event: {'category': 'dbt', 'action': 'invocation', 'label': 'end', 'context': [<snowplow_tracker.self_describing_json.SelfDescribingJson object at 0x00000189F317F590>, <snowplow_tracker.self_describing_json.SelfDescribingJson object at 0x00000189F3128BC0>, <snowplow_tracker.self_describing_json.SelfDescribingJson object at 0x00000189F4041790>]}
[0m09:43:20.058144 [debug] [MainThread]: Flushing usage events
[0m09:43:20.401637 [debug] [MainThread]: An error was encountered while trying to flush usage events
[0m23:51:50.205389 [debug] [MainThread]: Sending event: {'category': 'dbt', 'action': 'invocation', 'label': 'start', 'context': [<snowplow_tracker.self_describing_json.SelfDescribingJson object at 0x000001BC9A11D760>, <snowplow_tracker.self_describing_json.SelfDescribingJson object at 0x000001BC99A16210>, <snowplow_tracker.self_describing_json.SelfDescribingJson object at 0x000001BC999DEA80>]}


============================== 23:51:50.223183 | e965fe03-cb6e-4ab6-b311-067331e2d8f8 ==============================
[0m23:51:50.223183 [info ] [MainThread]: Running with dbt=1.11.8
[0m23:51:50.223183 [debug] [MainThread]: running dbt with arguments {'static_parser': 'True', 'no_print': 'None', 'version_check': 'True', 'target_path': 'None', 'warn_error_options': 'WarnErrorOptionsV2(error=[], warn=[], silence=[])', 'printer_width': '80', 'write_json': 'True', 'introspect': 'True', 'log_cache_events': 'False', 'empty': 'False', 'cache_selected_only': 'False', 'log_format': 'default', 'debug': 'False', 'fail_fast': 'False', 'partial_parse': 'True', 'send_anonymous_usage_stats': 'True', 'quiet': 'False', 'warn_error': 'None', 'profiles_dir': 'C:\\Users\\sagir\\.dbt', 'invocation_command': 'dbt compile', 'indirect_selection': 'eager', 'use_colors': 'True', 'use_experimental_parser': 'False', 'log_path': 'logs'}
[0m23:51:50.223183 [error] [MainThread]: Encountered an error:
Runtime Error
  No dbt_project.yml found at expected path C:\PortfolioProjects\DataEngineering\dbt_aws_snowflake\dbt_project.yml
  Verify that each entry within packages.yml (and their transitive dependencies) contains a file named dbt_project.yml
  
[0m23:51:50.223183 [debug] [MainThread]: Command `dbt compile` failed at 23:51:50.223183 after 0.32 seconds
[0m23:51:50.223183 [debug] [MainThread]: Sending event: {'category': 'dbt', 'action': 'invocation', 'label': 'end', 'context': [<snowplow_tracker.self_describing_json.SelfDescribingJson object at 0x000001BC9B3DA150>, <snowplow_tracker.self_describing_json.SelfDescribingJson object at 0x000001BC9B3BB3B0>, <snowplow_tracker.self_describing_json.SelfDescribingJson object at 0x000001BC99B419A0>]}
[0m23:51:50.223183 [debug] [MainThread]: Flushing usage events
[0m23:51:50.647316 [debug] [MainThread]: An error was encountered while trying to flush usage events
[0m07:51:58.511913 [debug] [MainThread]: Sending event: {'category': 'dbt', 'action': 'invocation', 'label': 'start', 'context': [<snowplow_tracker.self_describing_json.SelfDescribingJson object at 0x000002E96C7A3860>, <snowplow_tracker.self_describing_json.SelfDescribingJson object at 0x000002E96C868680>, <snowplow_tracker.self_describing_json.SelfDescribingJson object at 0x000002E96D22EEA0>]}


============================== 07:51:58.511913 | 6c89056f-cb00-4fd0-8449-f11a9bf58812 ==============================
[0m07:51:58.511913 [info ] [MainThread]: Running with dbt=1.11.8
[0m07:51:58.511913 [debug] [MainThread]: running dbt with arguments {'version_check': 'True', 'no_print': 'None', 'static_parser': 'True', 'target_path': 'None', 'warn_error_options': 'WarnErrorOptionsV2(error=[], warn=[], silence=[])', 'printer_width': '80', 'write_json': 'True', 'introspect': 'True', 'log_cache_events': 'False', 'empty': 'None', 'cache_selected_only': 'False', 'fail_fast': 'False', 'debug': 'False', 'log_format': 'default', 'profiles_dir': 'C:\\Users\\sagir\\.dbt', 'send_anonymous_usage_stats': 'True', 'quiet': 'False', 'warn_error': 'None', 'partial_parse': 'True', 'use_colors': 'True', 'indirect_selection': 'eager', 'invocation_command': 'dbt init', 'use_experimental_parser': 'False', 'log_path': 'logs'}
[0m11:15:58.397112 [debug] [MainThread]: Sending event: {'category': 'dbt', 'action': 'invocation', 'label': 'start', 'context': [<snowplow_tracker.self_describing_json.SelfDescribingJson object at 0x000001698768B3B0>, <snowplow_tracker.self_describing_json.SelfDescribingJson object at 0x000001698D3B4200>, <snowplow_tracker.self_describing_json.SelfDescribingJson object at 0x000001698A029730>]}


============================== 11:15:58.413135 | bb572181-4d2a-4bcd-83a8-9b1c58bd7537 ==============================
[0m11:15:58.413135 [info ] [MainThread]: Running with dbt=1.11.8
[0m11:15:58.413135 [debug] [MainThread]: running dbt with arguments {'static_parser': 'True', 'no_print': 'None', 'version_check': 'True', 'target_path': 'None', 'warn_error_options': 'WarnErrorOptionsV2(error=[], warn=[], silence=[])', 'printer_width': '80', 'write_json': 'True', 'introspect': 'True', 'log_cache_events': 'False', 'empty': 'False', 'cache_selected_only': 'False', 'fail_fast': 'False', 'debug': 'False', 'log_format': 'default', 'profiles_dir': 'C:\\Users\\sagir\\.dbt', 'send_anonymous_usage_stats': 'True', 'quiet': 'False', 'warn_error': 'None', 'partial_parse': 'True', 'indirect_selection': 'eager', 'use_colors': 'True', 'invocation_command': 'dbt compile', 'use_experimental_parser': 'False', 'log_path': 'logs'}
[0m11:15:58.413135 [error] [MainThread]: Encountered an error:
Runtime Error
  No dbt_project.yml found at expected path C:\PortfolioProjects\DataEngineering\dbt_aws_snowflake\dbt_project.yml
  Verify that each entry within packages.yml (and their transitive dependencies) contains a file named dbt_project.yml
  
[0m11:15:58.413135 [debug] [MainThread]: Command `dbt compile` failed at 11:15:58.413135 after 0.26 seconds
[0m11:15:58.413135 [debug] [MainThread]: Sending event: {'category': 'dbt', 'action': 'invocation', 'label': 'end', 'context': [<snowplow_tracker.self_describing_json.SelfDescribingJson object at 0x000001698D071190>, <snowplow_tracker.self_describing_json.SelfDescribingJson object at 0x000001698D072360>, <snowplow_tracker.self_describing_json.SelfDescribingJson object at 0x000001698D6AD670>]}
[0m11:15:58.413135 [debug] [MainThread]: Flushing usage events
[0m11:15:59.144323 [debug] [MainThread]: An error was encountered while trying to flush usage events
[0m11:20:20.160999 [debug] [MainThread]: Sending event: {'category': 'dbt', 'action': 'invocation', 'label': 'start', 'context': [<snowplow_tracker.self_describing_json.SelfDescribingJson object at 0x0000021098FFD2E0>, <snowplow_tracker.self_describing_json.SelfDescribingJson object at 0x00000210935FB3B0>, <snowplow_tracker.self_describing_json.SelfDescribingJson object at 0x000002109967C4D0>]}


============================== 11:20:20.166877 | 0bfb1489-9ccf-4509-ab76-834706cb2c72 ==============================
[0m11:20:20.166877 [info ] [MainThread]: Running with dbt=1.11.8
[0m11:20:20.166877 [debug] [MainThread]: running dbt with arguments {'static_parser': 'True', 'no_print': 'None', 'version_check': 'True', 'warn_error_options': 'WarnErrorOptionsV2(error=[], warn=[], silence=[])', 'target_path': 'None', 'printer_width': '80', 'write_json': 'True', 'empty': 'False', 'log_cache_events': 'False', 'introspect': 'True', 'cache_selected_only': 'False', 'log_format': 'default', 'debug': 'False', 'fail_fast': 'False', 'profiles_dir': 'C:\\Users\\sagir\\.dbt', 'send_anonymous_usage_stats': 'True', 'quiet': 'False', 'warn_error': 'None', 'partial_parse': 'True', 'use_colors': 'True', 'invocation_command': 'dbt compile', 'indirect_selection': 'eager', 'use_experimental_parser': 'False', 'log_path': 'logs'}
[0m11:20:20.166877 [error] [MainThread]: Encountered an error:
Runtime Error
  No dbt_project.yml found at expected path C:\PortfolioProjects\DataEngineering\dbt_aws_snowflake\dbt_project.yml
  Verify that each entry within packages.yml (and their transitive dependencies) contains a file named dbt_project.yml
  
[0m11:20:20.169455 [debug] [MainThread]: Command `dbt compile` failed at 11:20:20.169455 after 0.21 seconds
[0m11:20:20.169455 [debug] [MainThread]: Sending event: {'category': 'dbt', 'action': 'invocation', 'label': 'end', 'context': [<snowplow_tracker.self_describing_json.SelfDescribingJson object at 0x0000021099705B20>, <snowplow_tracker.self_describing_json.SelfDescribingJson object at 0x0000021098FFD2E0>, <snowplow_tracker.self_describing_json.SelfDescribingJson object at 0x000002109974BF20>]}
[0m11:20:20.169455 [debug] [MainThread]: Flushing usage events
[0m11:20:20.755080 [debug] [MainThread]: An error was encountered while trying to flush usage events
[0m06:41:24.907282 [debug] [MainThread]: Sending event: {'category': 'dbt', 'action': 'invocation', 'label': 'start', 'context': [<snowplow_tracker.self_describing_json.SelfDescribingJson object at 0x0000025353AC57C0>, <snowplow_tracker.self_describing_json.SelfDescribingJson object at 0x00000253531C59A0>, <snowplow_tracker.self_describing_json.SelfDescribingJson object at 0x0000025358149A60>]}


============================== 06:41:24.916639 | fcce6c90-a968-48c0-9d38-3cb1fed9fcf4 ==============================
[0m06:41:24.916639 [info ] [MainThread]: Running with dbt=1.11.8
[0m06:41:24.916639 [debug] [MainThread]: running dbt with arguments {'static_parser': 'True', 'no_print': 'None', 'version_check': 'True', 'target_path': 'None', 'warn_error_options': 'WarnErrorOptionsV2(error=[], warn=[], silence=[])', 'printer_width': '80', 'write_json': 'True', 'introspect': 'True', 'log_cache_events': 'False', 'empty': 'False', 'cache_selected_only': 'False', 'log_format': 'default', 'debug': 'False', 'fail_fast': 'False', 'partial_parse': 'True', 'send_anonymous_usage_stats': 'True', 'quiet': 'False', 'warn_error': 'None', 'profiles_dir': 'C:\\Users\\sagir\\.dbt', 'indirect_selection': 'eager', 'invocation_command': 'dbt run', 'use_colors': 'True', 'use_experimental_parser': 'False', 'log_path': 'logs'}
[0m06:41:24.916639 [error] [MainThread]: Encountered an error:
Runtime Error
  No dbt_project.yml found at expected path C:\PortfolioProjects\DataEngineering\dbt_aws_snowflake\dbt_project.yml
  Verify that each entry within packages.yml (and their transitive dependencies) contains a file named dbt_project.yml
  
[0m06:41:24.916639 [debug] [MainThread]: Command `dbt run` failed at 06:41:24.916639 after 0.28 seconds
[0m06:41:24.916639 [debug] [MainThread]: Sending event: {'category': 'dbt', 'action': 'invocation', 'label': 'end', 'context': [<snowplow_tracker.self_describing_json.SelfDescribingJson object at 0x000002535810BE60>, <snowplow_tracker.self_describing_json.SelfDescribingJson object at 0x0000025356BFDA30>, <snowplow_tracker.self_describing_json.SelfDescribingJson object at 0x0000025353AC57C0>]}
[0m06:41:24.916639 [debug] [MainThread]: Flushing usage events
[0m06:41:25.612601 [debug] [MainThread]: An error was encountered while trying to flush usage events
[0m07:06:16.307360 [debug] [MainThread]: Sending event: {'category': 'dbt', 'action': 'invocation', 'label': 'start', 'context': [<snowplow_tracker.self_describing_json.SelfDescribingJson object at 0x0000022379F18770>, <snowplow_tracker.self_describing_json.SelfDescribingJson object at 0x0000022377309910>, <snowplow_tracker.self_describing_json.SelfDescribingJson object at 0x000002237ACD1B20>]}


============================== 07:06:16.317696 | 9a802687-a8fb-4703-9c5b-eafda34669c4 ==============================
[0m07:06:16.317696 [info ] [MainThread]: Running with dbt=1.11.8
[0m07:06:16.317696 [debug] [MainThread]: running dbt with arguments {'version_check': 'True', 'no_print': 'None', 'static_parser': 'True', 'warn_error_options': 'WarnErrorOptionsV2(error=[], warn=[], silence=[])', 'target_path': 'None', 'printer_width': '80', 'write_json': 'True', 'empty': 'False', 'log_cache_events': 'False', 'introspect': 'True', 'cache_selected_only': 'False', 'log_format': 'default', 'debug': 'False', 'fail_fast': 'False', 'partial_parse': 'True', 'send_anonymous_usage_stats': 'True', 'quiet': 'False', 'warn_error': 'None', 'profiles_dir': 'C:\\Users\\sagir\\.dbt', 'indirect_selection': 'eager', 'invocation_command': 'dbt compile', 'use_colors': 'True', 'use_experimental_parser': 'False', 'log_path': 'logs'}
[0m07:06:16.317696 [error] [MainThread]: Encountered an error:
Runtime Error
  No dbt_project.yml found at expected path C:\PortfolioProjects\DataEngineering\dbt_aws_snowflake\dbt_project.yml
  Verify that each entry within packages.yml (and their transitive dependencies) contains a file named dbt_project.yml
  
[0m07:06:16.322153 [debug] [MainThread]: Command `dbt compile` failed at 07:06:16.317696 after 0.24 seconds
[0m07:06:16.322153 [debug] [MainThread]: Sending event: {'category': 'dbt', 'action': 'invocation', 'label': 'end', 'context': [<snowplow_tracker.self_describing_json.SelfDescribingJson object at 0x000002237A5812B0>, <snowplow_tracker.self_describing_json.SelfDescribingJson object at 0x000002237AE5EE70>, <snowplow_tracker.self_describing_json.SelfDescribingJson object at 0x000002237AE5EBA0>]}
[0m07:06:16.322153 [debug] [MainThread]: Flushing usage events
[0m07:06:16.871733 [debug] [MainThread]: An error was encountered while trying to flush usage events
[0m08:38:49.936010 [debug] [MainThread]: Sending event: {'category': 'dbt', 'action': 'invocation', 'label': 'start', 'context': [<snowplow_tracker.self_describing_json.SelfDescribingJson object at 0x00000224A9DE5700>, <snowplow_tracker.self_describing_json.SelfDescribingJson object at 0x00000224AE468080>, <snowplow_tracker.self_describing_json.SelfDescribingJson object at 0x00000224AE468230>]}


============================== 08:38:49.949065 | ea2db168-57a3-415c-a016-efa1673d7952 ==============================
[0m08:38:49.949065 [info ] [MainThread]: Running with dbt=1.11.8
[0m08:38:49.951069 [debug] [MainThread]: running dbt with arguments {'version_check': 'True', 'no_print': 'None', 'static_parser': 'True', 'target_path': 'None', 'warn_error_options': 'WarnErrorOptionsV2(error=[], warn=[], silence=[])', 'printer_width': '80', 'write_json': 'True', 'empty': 'False', 'log_cache_events': 'False', 'introspect': 'True', 'cache_selected_only': 'False', 'fail_fast': 'False', 'debug': 'False', 'log_format': 'default', 'partial_parse': 'True', 'send_anonymous_usage_stats': 'True', 'quiet': 'False', 'warn_error': 'None', 'profiles_dir': 'C:\\Users\\sagir\\.dbt', 'invocation_command': 'dbt compile', 'indirect_selection': 'eager', 'use_colors': 'True', 'use_experimental_parser': 'False', 'log_path': 'logs'}
[0m08:38:49.952074 [error] [MainThread]: Encountered an error:
Runtime Error
  No dbt_project.yml found at expected path C:\PortfolioProjects\DataEngineering\dbt_aws_snowflake\dbt_project.yml
  Verify that each entry within packages.yml (and their transitive dependencies) contains a file named dbt_project.yml
  
[0m08:38:49.952074 [debug] [MainThread]: Command `dbt compile` failed at 08:38:49.952074 after 0.26 seconds
[0m08:38:49.952074 [debug] [MainThread]: Sending event: {'category': 'dbt', 'action': 'invocation', 'label': 'end', 'context': [<snowplow_tracker.self_describing_json.SelfDescribingJson object at 0x00000224ACFADE20>, <snowplow_tracker.self_describing_json.SelfDescribingJson object at 0x00000224AD138590>, <snowplow_tracker.self_describing_json.SelfDescribingJson object at 0x00000224AD138620>]}
[0m08:38:49.952074 [debug] [MainThread]: Flushing usage events
[0m08:38:50.658451 [debug] [MainThread]: An error was encountered while trying to flush usage events
[0m08:39:33.227902 [debug] [MainThread]: Sending event: {'category': 'dbt', 'action': 'invocation', 'label': 'start', 'context': [<snowplow_tracker.self_describing_json.SelfDescribingJson object at 0x000001D34D6C8C50>, <snowplow_tracker.self_describing_json.SelfDescribingJson object at 0x000001D34DBA8530>, <snowplow_tracker.self_describing_json.SelfDescribingJson object at 0x000001D34B003EC0>]}


============================== 08:39:33.227902 | 4cd84d47-0a3f-4f4b-8eda-c3e643907fac ==============================
[0m08:39:33.227902 [info ] [MainThread]: Running with dbt=1.11.8
[0m08:39:33.227902 [debug] [MainThread]: running dbt with arguments {'version_check': 'True', 'no_print': 'None', 'static_parser': 'True', 'warn_error_options': 'WarnErrorOptionsV2(error=[], warn=[], silence=[])', 'target_path': 'None', 'printer_width': '80', 'write_json': 'True', 'introspect': 'True', 'log_cache_events': 'False', 'empty': 'False', 'cache_selected_only': 'False', 'fail_fast': 'False', 'debug': 'False', 'log_format': 'default', 'partial_parse': 'True', 'send_anonymous_usage_stats': 'True', 'quiet': 'False', 'warn_error': 'None', 'profiles_dir': 'C:\\Users\\sagir\\.dbt', 'use_colors': 'True', 'indirect_selection': 'eager', 'invocation_command': 'dbt compile', 'use_experimental_parser': 'False', 'log_path': 'logs'}
[0m08:39:33.227902 [error] [MainThread]: Encountered an error:
Runtime Error
  No dbt_project.yml found at expected path C:\PortfolioProjects\DataEngineering\dbt_aws_snowflake\dbt_project.yml
  Verify that each entry within packages.yml (and their transitive dependencies) contains a file named dbt_project.yml
  
[0m08:39:33.227902 [debug] [MainThread]: Command `dbt compile` failed at 08:39:33.227902 after 0.23 seconds
[0m08:39:33.227902 [debug] [MainThread]: Sending event: {'category': 'dbt', 'action': 'invocation', 'label': 'end', 'context': [<snowplow_tracker.self_describing_json.SelfDescribingJson object at 0x000001D34D6C8C50>, <snowplow_tracker.self_describing_json.SelfDescribingJson object at 0x000001D34EE8B110>, <snowplow_tracker.self_describing_json.SelfDescribingJson object at 0x000001D34DB78AD0>]}
[0m08:39:33.227902 [debug] [MainThread]: Flushing usage events
[0m08:39:33.797704 [debug] [MainThread]: An error was encountered while trying to flush usage events
[0m08:41:45.465257 [debug] [MainThread]: Sending event: {'category': 'dbt', 'action': 'invocation', 'label': 'start', 'context': [<snowplow_tracker.self_describing_json.SelfDescribingJson object at 0x000001AD3890B2F0>, <snowplow_tracker.self_describing_json.SelfDescribingJson object at 0x000001AD3890BC20>, <snowplow_tracker.self_describing_json.SelfDescribingJson object at 0x000001AD38908D70>]}


============================== 08:41:45.472180 | afacd2ea-fcbe-4e76-a466-b778188016cb ==============================
[0m08:41:45.472180 [info ] [MainThread]: Running with dbt=1.11.8
[0m08:41:45.472180 [debug] [MainThread]: running dbt with arguments {'static_parser': 'True', 'no_print': 'None', 'version_check': 'True', 'target_path': 'None', 'warn_error_options': 'WarnErrorOptionsV2(error=[], warn=[], silence=[])', 'printer_width': '80', 'write_json': 'True', 'empty': 'False', 'log_cache_events': 'False', 'introspect': 'True', 'cache_selected_only': 'False', 'log_format': 'default', 'debug': 'False', 'fail_fast': 'False', 'partial_parse': 'True', 'send_anonymous_usage_stats': 'True', 'quiet': 'False', 'warn_error': 'None', 'profiles_dir': 'C:\\Users\\sagir\\.dbt', 'indirect_selection': 'eager', 'invocation_command': 'dbt compile', 'use_colors': 'True', 'use_experimental_parser': 'False', 'log_path': 'logs'}
[0m08:41:45.472180 [error] [MainThread]: Encountered an error:
Runtime Error
  No dbt_project.yml found at expected path C:\PortfolioProjects\DataEngineering\dbt_aws_snowflake\dbt_project.yml
  Verify that each entry within packages.yml (and their transitive dependencies) contains a file named dbt_project.yml
  
[0m08:41:45.472180 [debug] [MainThread]: Command `dbt compile` failed at 08:41:45.472180 after 0.42 seconds
[0m08:41:45.472180 [debug] [MainThread]: Sending event: {'category': 'dbt', 'action': 'invocation', 'label': 'end', 'context': [<snowplow_tracker.self_describing_json.SelfDescribingJson object at 0x000001AD38229D30>, <snowplow_tracker.self_describing_json.SelfDescribingJson object at 0x000001AD3822BC50>, <snowplow_tracker.self_describing_json.SelfDescribingJson object at 0x000001AD38462870>]}
[0m08:41:45.472180 [debug] [MainThread]: Flushing usage events
[0m08:41:46.125543 [debug] [MainThread]: An error was encountered while trying to flush usage events
[0m08:42:09.375999 [debug] [MainThread]: Sending event: {'category': 'dbt', 'action': 'invocation', 'label': 'start', 'context': [<snowplow_tracker.self_describing_json.SelfDescribingJson object at 0x000001F504D392E0>, <snowplow_tracker.self_describing_json.SelfDescribingJson object at 0x000001F503767FB0>, <snowplow_tracker.self_describing_json.SelfDescribingJson object at 0x000001F503ED2DE0>]}


============================== 08:42:09.391722 | 8570c1f9-c83e-4536-b7a5-62d8cba2b70b ==============================
[0m08:42:09.391722 [info ] [MainThread]: Running with dbt=1.11.8
[0m08:42:09.391722 [debug] [MainThread]: running dbt with arguments {'version_check': 'True', 'no_print': 'None', 'static_parser': 'True', 'warn_error_options': 'WarnErrorOptionsV2(error=[], warn=[], silence=[])', 'target_path': 'None', 'printer_width': '80', 'write_json': 'True', 'introspect': 'True', 'log_cache_events': 'False', 'empty': 'False', 'cache_selected_only': 'False', 'log_format': 'default', 'debug': 'False', 'fail_fast': 'False', 'partial_parse': 'True', 'send_anonymous_usage_stats': 'True', 'quiet': 'False', 'warn_error': 'None', 'profiles_dir': 'C:\\Users\\sagir\\.dbt', 'use_colors': 'True', 'invocation_command': 'dbt run', 'indirect_selection': 'eager', 'use_experimental_parser': 'False', 'log_path': 'logs'}
[0m08:42:09.400657 [error] [MainThread]: Encountered an error:
Runtime Error
  No dbt_project.yml found at expected path C:\PortfolioProjects\DataEngineering\dbt_aws_snowflake\dbt_project.yml
  Verify that each entry within packages.yml (and their transitive dependencies) contains a file named dbt_project.yml
  
[0m08:42:09.400657 [debug] [MainThread]: Command `dbt run` failed at 08:42:09.400657 after 0.19 seconds
[0m08:42:09.400657 [debug] [MainThread]: Sending event: {'category': 'dbt', 'action': 'invocation', 'label': 'end', 'context': [<snowplow_tracker.self_describing_json.SelfDescribingJson object at 0x000001F5043B23C0>, <snowplow_tracker.self_describing_json.SelfDescribingJson object at 0x000001F504D392E0>, <snowplow_tracker.self_describing_json.SelfDescribingJson object at 0x000001F504C5F2C0>]}
[0m08:42:09.400657 [debug] [MainThread]: Flushing usage events
[0m08:42:09.836167 [debug] [MainThread]: An error was encountered while trying to flush usage events
[0m08:54:04.954539 [debug] [MainThread]: Sending event: {'category': 'dbt', 'action': 'invocation', 'label': 'start', 'context': [<snowplow_tracker.self_describing_json.SelfDescribingJson object at 0x0000019279A61850>, <snowplow_tracker.self_describing_json.SelfDescribingJson object at 0x000001927B713740>, <snowplow_tracker.self_describing_json.SelfDescribingJson object at 0x000001927C1F9AF0>]}


============================== 08:54:04.972518 | 297700f6-9fa3-4eb1-a1cd-d8730304cb26 ==============================
[0m08:54:04.972518 [info ] [MainThread]: Running with dbt=1.11.8
[0m08:54:04.972518 [debug] [MainThread]: running dbt with arguments {'static_parser': 'True', 'no_print': 'None', 'version_check': 'True', 'warn_error_options': 'WarnErrorOptionsV2(error=[], warn=[], silence=[])', 'target_path': 'None', 'printer_width': '80', 'write_json': 'True', 'empty': 'False', 'log_cache_events': 'False', 'introspect': 'True', 'cache_selected_only': 'False', 'fail_fast': 'False', 'debug': 'False', 'log_format': 'default', 'partial_parse': 'True', 'send_anonymous_usage_stats': 'True', 'quiet': 'False', 'warn_error': 'None', 'profiles_dir': 'C:\\Users\\sagir\\.dbt', 'use_colors': 'True', 'indirect_selection': 'eager', 'invocation_command': 'dbt compile', 'use_experimental_parser': 'False', 'log_path': 'logs'}
[0m08:54:04.972518 [error] [MainThread]: Encountered an error:
Runtime Error
  No dbt_project.yml found at expected path C:\PortfolioProjects\DataEngineering\dbt_aws_snowflake\dbt_project.yml
  Verify that each entry within packages.yml (and their transitive dependencies) contains a file named dbt_project.yml
  
[0m08:54:04.972518 [debug] [MainThread]: Command `dbt compile` failed at 08:54:04.972518 after 0.24 seconds
[0m08:54:04.972518 [debug] [MainThread]: Sending event: {'category': 'dbt', 'action': 'invocation', 'label': 'end', 'context': [<snowplow_tracker.self_describing_json.SelfDescribingJson object at 0x000001927C36DA30>, <snowplow_tracker.self_describing_json.SelfDescribingJson object at 0x000001927C99AE40>, <snowplow_tracker.self_describing_json.SelfDescribingJson object at 0x0000019279165850>]}
[0m08:54:04.972518 [debug] [MainThread]: Flushing usage events
[0m08:54:05.558424 [debug] [MainThread]: An error was encountered while trying to flush usage events
[0m15:20:33.052175 [debug] [MainThread]: Sending event: {'category': 'dbt', 'action': 'invocation', 'label': 'start', 'context': [<snowplow_tracker.self_describing_json.SelfDescribingJson object at 0x000002CD2BFFB350>, <snowplow_tracker.self_describing_json.SelfDescribingJson object at 0x000002CD2BFF8860>, <snowplow_tracker.self_describing_json.SelfDescribingJson object at 0x000002CD2BFF9BB0>]}


============================== 15:20:33.052175 | b47b8073-1590-4592-944f-7f7d3a929163 ==============================
[0m15:20:33.052175 [info ] [MainThread]: Running with dbt=1.11.8
[0m15:20:33.052175 [debug] [MainThread]: running dbt with arguments {'static_parser': 'True', 'no_print': 'None', 'version_check': 'True', 'warn_error_options': 'WarnErrorOptionsV2(error=[], warn=[], silence=[])', 'target_path': 'None', 'printer_width': '80', 'write_json': 'True', 'introspect': 'True', 'log_cache_events': 'False', 'empty': 'False', 'cache_selected_only': 'False', 'fail_fast': 'False', 'debug': 'False', 'log_format': 'default', 'partial_parse': 'True', 'send_anonymous_usage_stats': 'True', 'quiet': 'False', 'warn_error': 'None', 'profiles_dir': 'C:\\Users\\sagir\\.dbt', 'use_colors': 'True', 'indirect_selection': 'eager', 'invocation_command': 'dbt compile', 'use_experimental_parser': 'False', 'log_path': 'logs'}
[0m15:20:33.052175 [error] [MainThread]: Encountered an error:
Runtime Error
  No dbt_project.yml found at expected path C:\PortfolioProjects\DataEngineering\dbt_aws_snowflake\dbt_project.yml
  Verify that each entry within packages.yml (and their transitive dependencies) contains a file named dbt_project.yml
  
[0m15:20:33.052175 [debug] [MainThread]: Command `dbt compile` failed at 15:20:33.052175 after 0.12 seconds
[0m15:20:33.052175 [debug] [MainThread]: Sending event: {'category': 'dbt', 'action': 'invocation', 'label': 'end', 'context': [<snowplow_tracker.self_describing_json.SelfDescribingJson object at 0x000002CD2BC06B70>, <snowplow_tracker.self_describing_json.SelfDescribingJson object at 0x000002CD2D7F9B20>, <snowplow_tracker.self_describing_json.SelfDescribingJson object at 0x000002CD2D7F8230>]}
[0m15:20:33.052175 [debug] [MainThread]: Flushing usage events
[0m15:20:33.426355 [debug] [MainThread]: An error was encountered while trying to flush usage events
[0m16:47:45.721334 [debug] [MainThread]: Sending event: {'category': 'dbt', 'action': 'invocation', 'label': 'start', 'context': [<snowplow_tracker.self_describing_json.SelfDescribingJson object at 0x00000211AD98E1B0>, <snowplow_tracker.self_describing_json.SelfDescribingJson object at 0x00000211AAAE5520>, <snowplow_tracker.self_describing_json.SelfDescribingJson object at 0x00000211AD341AF0>]}


============================== 16:47:45.726357 | d7c96ae6-7f95-4f71-8c03-8fd61e54f811 ==============================
[0m16:47:45.726357 [info ] [MainThread]: Running with dbt=1.11.8
[0m16:47:45.727359 [debug] [MainThread]: running dbt with arguments {'version_check': 'True', 'no_print': 'None', 'static_parser': 'True', 'target_path': 'None', 'warn_error_options': 'WarnErrorOptionsV2(error=[], warn=[], silence=[])', 'printer_width': '80', 'write_json': 'True', 'empty': 'None', 'log_cache_events': 'False', 'introspect': 'True', 'cache_selected_only': 'False', 'log_format': 'default', 'debug': 'False', 'fail_fast': 'False', 'profiles_dir': 'C:\\Users\\sagir\\.dbt', 'send_anonymous_usage_stats': 'True', 'quiet': 'False', 'warn_error': 'None', 'partial_parse': 'True', 'invocation_command': 'dbt debug', 'indirect_selection': 'eager', 'use_colors': 'True', 'use_experimental_parser': 'False', 'log_path': 'logs'}
[0m16:47:45.752969 [info ] [MainThread]: dbt version: 1.11.8
[0m16:47:45.753966 [info ] [MainThread]: python version: 3.12.11
[0m16:47:45.753966 [info ] [MainThread]: python path: C:\PortfolioProjects\DataEngineering\dbt_aws_snowflake\.venv\scripts\python.exe
[0m16:47:45.754967 [info ] [MainThread]: os info: Windows-11-10.0.26200-SP0
[0m16:47:46.423583 [debug] [MainThread]: Snowflake adapter: Setting snowflake.connector to ERROR (file logging only)
[0m16:47:46.423583 [debug] [MainThread]: Snowflake adapter: Setting botocore to ERROR (file logging only)
[0m16:47:46.423583 [debug] [MainThread]: Snowflake adapter: Setting boto3 to ERROR (file logging only)
[0m16:47:46.548650 [info ] [MainThread]: Using profiles dir at C:\Users\sagir\.dbt
[0m16:47:46.549627 [info ] [MainThread]: Using profiles.yml file at C:\Users\sagir\.dbt\profiles.yml
[0m16:47:46.549627 [info ] [MainThread]: Using dbt_project.yml file at C:\PortfolioProjects\DataEngineering\dbt_aws_snowflake\dbt_project.yml
[0m16:47:46.550629 [error] [MainThread]: Encountered an error:
Internal Error
  Profile should not be None if loading profile completed
[0m16:47:46.551653 [debug] [MainThread]: Command `dbt debug` failed at 16:47:46.551653 after 1.11 seconds
[0m16:47:46.552652 [debug] [MainThread]: Sending event: {'category': 'dbt', 'action': 'invocation', 'label': 'end', 'context': [<snowplow_tracker.self_describing_json.SelfDescribingJson object at 0x00000211ADDE7AD0>, <snowplow_tracker.self_describing_json.SelfDescribingJson object at 0x00000211ADB79C40>, <snowplow_tracker.self_describing_json.SelfDescribingJson object at 0x00000211AF8C1C70>]}
[0m16:47:46.552652 [debug] [MainThread]: Flushing usage events
[0m16:47:47.020662 [debug] [MainThread]: An error was encountered while trying to flush usage events
[0m08:41:49.460164 [debug] [MainThread]: Sending event: {'category': 'dbt', 'action': 'invocation', 'label': 'start', 'context': [<snowplow_tracker.self_describing_json.SelfDescribingJson object at 0x000002174D211280>, <snowplow_tracker.self_describing_json.SelfDescribingJson object at 0x000002174CC68350>, <snowplow_tracker.self_describing_json.SelfDescribingJson object at 0x000002174C0A0DA0>]}


============================== 08:41:49.473943 | 4f17d75d-b1e4-4d88-a59b-aec47c31034d ==============================
[0m08:41:49.473943 [info ] [MainThread]: Running with dbt=1.11.8
[0m08:41:49.474947 [debug] [MainThread]: running dbt with arguments {'static_parser': 'True', 'no_print': 'None', 'version_check': 'True', 'warn_error_options': 'WarnErrorOptionsV2(error=[], warn=[], silence=[])', 'target_path': 'None', 'printer_width': '80', 'write_json': 'True', 'empty': 'None', 'log_cache_events': 'False', 'introspect': 'True', 'cache_selected_only': 'False', 'log_format': 'default', 'debug': 'False', 'fail_fast': 'False', 'partial_parse': 'True', 'send_anonymous_usage_stats': 'True', 'quiet': 'False', 'warn_error': 'None', 'profiles_dir': 'C:\\Users\\sagir\\.dbt', 'invocation_command': 'dbt docs generate', 'indirect_selection': 'eager', 'use_colors': 'True', 'use_experimental_parser': 'False', 'log_path': 'logs'}
[0m08:41:49.475638 [error] [MainThread]: Encountered an error:
Runtime Error
  No dbt_project.yml found at expected path C:\PortfolioProjects\DataEngineering\dbt_aws_snowflake\dbt_project.yml
  Verify that each entry within packages.yml (and their transitive dependencies) contains a file named dbt_project.yml
  
[0m08:41:49.477732 [debug] [MainThread]: Command `dbt docs generate` failed at 08:41:49.477732 after 0.33 seconds
[0m08:41:49.478734 [debug] [MainThread]: Sending event: {'category': 'dbt', 'action': 'invocation', 'label': 'end', 'context': [<snowplow_tracker.self_describing_json.SelfDescribingJson object at 0x000002174E8F7650>, <snowplow_tracker.self_describing_json.SelfDescribingJson object at 0x000002174D5A8590>, <snowplow_tracker.self_describing_json.SelfDescribingJson object at 0x000002174D4DC2F0>]}
[0m08:41:49.478734 [debug] [MainThread]: Flushing usage events
[0m08:41:51.399538 [debug] [MainThread]: An error was encountered while trying to flush usage events
[0m13:51:04.392862 [debug] [MainThread]: Sending event: {'category': 'dbt', 'action': 'invocation', 'label': 'start', 'context': [<snowplow_tracker.self_describing_json.SelfDescribingJson object at 0x0000023C613753A0>, <snowplow_tracker.self_describing_json.SelfDescribingJson object at 0x0000023C646CBEC0>, <snowplow_tracker.self_describing_json.SelfDescribingJson object at 0x0000023C640E91C0>]}


============================== 13:51:04.397364 | af6dd26a-c967-4e52-85f3-ae6269d44938 ==============================
[0m13:51:04.397364 [info ] [MainThread]: Running with dbt=1.11.8
[0m13:51:04.397364 [debug] [MainThread]: running dbt with arguments {'version_check': 'True', 'no_print': 'None', 'static_parser': 'True', 'target_path': 'None', 'warn_error_options': 'WarnErrorOptionsV2(error=[], warn=[], silence=[])', 'printer_width': '80', 'write_json': 'True', 'introspect': 'True', 'log_cache_events': 'False', 'empty': 'False', 'cache_selected_only': 'False', 'fail_fast': 'False', 'debug': 'False', 'log_format': 'default', 'partial_parse': 'True', 'send_anonymous_usage_stats': 'True', 'quiet': 'False', 'warn_error': 'None', 'profiles_dir': 'C:\\Users\\sagir\\.dbt', 'use_colors': 'True', 'invocation_command': 'dbt run --target test', 'indirect_selection': 'eager', 'use_experimental_parser': 'False', 'log_path': 'logs'}
[0m13:51:04.398370 [error] [MainThread]: Encountered an error:
Runtime Error
  No dbt_project.yml found at expected path C:\PortfolioProjects\DataEngineering\dbt_aws_snowflake\dbt_project.yml
  Verify that each entry within packages.yml (and their transitive dependencies) contains a file named dbt_project.yml
  
[0m13:51:04.398370 [debug] [MainThread]: Command `dbt run` failed at 13:51:04.398370 after 0.13 seconds
[0m13:51:04.398370 [debug] [MainThread]: Sending event: {'category': 'dbt', 'action': 'invocation', 'label': 'end', 'context': [<snowplow_tracker.self_describing_json.SelfDescribingJson object at 0x0000023C64516C00>, <snowplow_tracker.self_describing_json.SelfDescribingJson object at 0x0000023C63A89D60>, <snowplow_tracker.self_describing_json.SelfDescribingJson object at 0x0000023C613753A0>]}
[0m13:51:04.399369 [debug] [MainThread]: Flushing usage events
[0m13:51:04.805672 [debug] [MainThread]: An error was encountered while trying to flush usage events
{"data":{"log_version":3,"version":"=2.0.0-preview.177"},"info":{"category":"","code":"A001","extra":{},"invocation_id":"019e5b1f-d992-7131-892a-614d95a5c23a","level":"info","msg":"Running with dbt-fusion=2.0.0-preview.177","name":"MainReportVersion","pid":24228,"thread":"tokio-rt-worker","ts":"2026-05-24T17:54:34.566601Z"}}
{"data":{"args":{"debug":"false","invocation_command":"C:\\Users\\sagir\\.local\\bin\\dbt.exe license info --json --log-format json","log_format":"json","quiet":"false","write_json":"true"}},"info":{"category":"","code":"A002","extra":{},"invocation_id":"019e5b1f-d992-7131-892a-614d95a5c23a","level":"debug","msg":"running dbt-fusion with arguments {\"command\":\"license\",\"vars\":\"{}\",\"limit\":\"10\",\"debug\":false,\"log_format\":\"json\",\"quiet\":false,\"write_json\":true,\"write_catalog\":false}","name":"MainReportArgs","pid":24228,"thread":"tokio-rt-worker","ts":"2026-05-24T17:54:34.566888Z"}}
{"data":{},"info":{"category":"","code":"","extra":{},"invocation_id":"019e5b1f-d992-7131-892a-614d95a5c23a","level":"debug","msg":"No active cloud project configured, skipping remote license","name":"Generic","pid":24228,"thread":"tokio-rt-worker","ts":"2026-05-24T17:54:34.581024Z"}}
{"data":{"columns":[],"is_inline":true,"node_name":"license_info","output_format":"json","preview":"{\n  \"status\": \"not_found\",\n  \"licensing_enabled\": true\n}","unique_id":"license.info"},"info":{"category":"","code":"Q041","extra":{},"invocation_id":"019e5b1f-d992-7131-892a-614d95a5c23a","level":"info","msg":"{\n  \"status\": \"not_found\",\n  \"licensing_enabled\": true\n}","name":"ShowNode","pid":24228,"thread":"tokio-rt-worker","ts":"2026-05-24T17:54:34.582356Z"}}
{"data":{"completed_at":"2026-05-24T17:54:34.839298Z","elapsed":0.2769480049610138,"success":true},"info":{"category":"","code":"Q039","extra":{},"invocation_id":"019e5b1f-d992-7131-892a-614d95a5c23a","level":"info","msg":"\n==================== Execution Summary =====================\nFinished 'license' successfully [276ms]","name":"CommandCompleted","pid":24228,"thread":"tokio-rt-worker","ts":"2026-05-24T17:54:34.843878Z"}}
[0m15:18:20.935647 [debug] [MainThread]: Sending event: {'category': 'dbt', 'action': 'invocation', 'label': 'start', 'context': [<snowplow_tracker.self_describing_json.SelfDescribingJson object at 0x000001C2984E82F0>, <snowplow_tracker.self_describing_json.SelfDescribingJson object at 0x000001C2955855B0>, <snowplow_tracker.self_describing_json.SelfDescribingJson object at 0x000001C297DA3200>]}


============================== 15:18:20.956950 | a7270548-eed3-4c97-8eb3-f367dfef80c1 ==============================
[0m15:18:20.956950 [info ] [MainThread]: Running with dbt=1.11.8
[0m15:18:20.956950 [debug] [MainThread]: running dbt with arguments {'version_check': 'True', 'no_print': 'None', 'static_parser': 'True', 'warn_error_options': 'WarnErrorOptionsV2(error=[], warn=[], silence=[])', 'target_path': 'None', 'printer_width': '80', 'write_json': 'True', 'introspect': 'True', 'log_cache_events': 'False', 'empty': 'False', 'cache_selected_only': 'False', 'fail_fast': 'False', 'debug': 'False', 'log_format': 'default', 'profiles_dir': 'C:\\Users\\sagir\\.dbt', 'send_anonymous_usage_stats': 'True', 'quiet': 'False', 'warn_error': 'None', 'partial_parse': 'True', 'use_colors': 'True', 'indirect_selection': 'eager', 'invocation_command': 'dbt build --target test', 'use_experimental_parser': 'False', 'log_path': 'logs'}
[0m15:18:20.957955 [error] [MainThread]: Encountered an error:
Runtime Error
  No dbt_project.yml found at expected path C:\PortfolioProjects\DataEngineering\dbt_aws_snowflake\dbt_project.yml
  Verify that each entry within packages.yml (and their transitive dependencies) contains a file named dbt_project.yml
  
[0m15:18:20.957955 [debug] [MainThread]: Command `dbt build` failed at 15:18:20.957955 after 0.15 seconds
[0m15:18:20.958961 [debug] [MainThread]: Sending event: {'category': 'dbt', 'action': 'invocation', 'label': 'end', 'context': [<snowplow_tracker.self_describing_json.SelfDescribingJson object at 0x000001C298541730>, <snowplow_tracker.self_describing_json.SelfDescribingJson object at 0x000001C298543530>, <snowplow_tracker.self_describing_json.SelfDescribingJson object at 0x000001C297DA1C40>]}
[0m15:18:20.958961 [debug] [MainThread]: Flushing usage events
[0m15:18:21.354855 [debug] [MainThread]: An error was encountered while trying to flush usage events
[0m23:38:48.165715 [debug] [MainThread]: Sending event: {'category': 'dbt', 'action': 'invocation', 'label': 'start', 'context': [<snowplow_tracker.self_describing_json.SelfDescribingJson object at 0x00000218FDBB9490>, <snowplow_tracker.self_describing_json.SelfDescribingJson object at 0x00000218FC1CF770>, <snowplow_tracker.self_describing_json.SelfDescribingJson object at 0x00000218F9505820>]}


============================== 23:38:48.169721 | 6c165b04-c0c3-4684-9279-52b807efefb2 ==============================
[0m23:38:48.169721 [info ] [MainThread]: Running with dbt=1.11.8
[0m23:38:48.170716 [debug] [MainThread]: running dbt with arguments {'static_parser': 'True', 'no_print': 'None', 'version_check': 'True', 'warn_error_options': 'WarnErrorOptionsV2(error=[], warn=[], silence=[])', 'target_path': 'None', 'printer_width': '80', 'write_json': 'True', 'introspect': 'True', 'log_cache_events': 'False', 'empty': 'None', 'cache_selected_only': 'False', 'log_format': 'default', 'debug': 'False', 'fail_fast': 'False', 'partial_parse': 'True', 'send_anonymous_usage_stats': 'True', 'quiet': 'False', 'warn_error': 'None', 'profiles_dir': 'C:\\Users\\sagir\\.dbt', 'use_colors': 'True', 'invocation_command': 'dbt docs generate', 'indirect_selection': 'eager', 'use_experimental_parser': 'False', 'log_path': 'logs'}
[0m23:38:48.170716 [error] [MainThread]: Encountered an error:
Runtime Error
  No dbt_project.yml found at expected path C:\PortfolioProjects\DataEngineering\dbt_aws_snowflake\dbt_project.yml
  Verify that each entry within packages.yml (and their transitive dependencies) contains a file named dbt_project.yml
  
[0m23:38:48.171720 [debug] [MainThread]: Command `dbt docs generate` failed at 23:38:48.171720 after 0.15 seconds
[0m23:38:48.171720 [debug] [MainThread]: Sending event: {'category': 'dbt', 'action': 'invocation', 'label': 'end', 'context': [<snowplow_tracker.self_describing_json.SelfDescribingJson object at 0x00000218FBE80AA0>, <snowplow_tracker.self_describing_json.SelfDescribingJson object at 0x00000218FC8BF050>, <snowplow_tracker.self_describing_json.SelfDescribingJson object at 0x00000218FC53F5F0>]}
[0m23:38:48.171720 [debug] [MainThread]: Flushing usage events
[0m23:38:48.533691 [debug] [MainThread]: An error was encountered while trying to flush usage events
{"data":{"log_version":3,"version":"=2.0.0-preview.177"},"info":{"category":"","code":"A001","extra":{},"invocation_id":"019e64e2-904b-76b1-9aa8-51b68cb7aaa3","level":"info","msg":"Running with dbt-fusion=2.0.0-preview.177","name":"MainReportVersion","pid":14980,"thread":"tokio-rt-worker","ts":"2026-05-26T15:23:50.374799Z"}}
{"data":{"args":{"debug":"false","invocation_command":"C:\\Users\\sagir\\.local\\bin\\dbt.exe license info --json --log-format json","log_format":"json","quiet":"false","write_json":"true"}},"info":{"category":"","code":"A002","extra":{},"invocation_id":"019e64e2-904b-76b1-9aa8-51b68cb7aaa3","level":"debug","msg":"running dbt-fusion with arguments {\"command\":\"license\",\"vars\":\"{}\",\"limit\":\"10\",\"debug\":false,\"log_format\":\"json\",\"quiet\":false,\"write_json\":true,\"write_catalog\":false}","name":"MainReportArgs","pid":14980,"thread":"tokio-rt-worker","ts":"2026-05-26T15:23:50.375724Z"}}
{"data":{},"info":{"category":"","code":"","extra":{},"invocation_id":"019e64e2-904b-76b1-9aa8-51b68cb7aaa3","level":"debug","msg":"No active cloud project configured, skipping remote license","name":"Generic","pid":14980,"thread":"tokio-rt-worker","ts":"2026-05-26T15:23:50.507066Z"}}
{"data":{"columns":[],"is_inline":true,"node_name":"license_info","output_format":"json","preview":"{\n  \"status\": \"not_found\",\n  \"licensing_enabled\": true\n}","unique_id":"license.info"},"info":{"category":"","code":"Q041","extra":{},"invocation_id":"019e64e2-904b-76b1-9aa8-51b68cb7aaa3","level":"info","msg":"{\n  \"status\": \"not_found\",\n  \"licensing_enabled\": true\n}","name":"ShowNode","pid":14980,"thread":"tokio-rt-worker","ts":"2026-05-26T15:23:50.513212Z"}}
{"data":{"completed_at":"2026-05-26T15:23:51.066733Z","elapsed":0.7065683603286743,"success":true},"info":{"category":"","code":"Q039","extra":{},"invocation_id":"019e64e2-904b-76b1-9aa8-51b68cb7aaa3","level":"info","msg":"\n==================== Execution Summary =====================\nFinished 'license' successfully [706ms]","name":"CommandCompleted","pid":14980,"thread":"tokio-rt-worker","ts":"2026-05-26T15:23:51.077962Z"}}
{"data":{"log_version":3,"version":"=2.0.0-preview.177"},"info":{"category":"","code":"A001","extra":{},"invocation_id":"019e658c-cc7b-7a90-b95d-5f7c73136aa0","level":"info","msg":"Running with dbt-fusion=2.0.0-preview.177","name":"MainReportVersion","pid":14960,"thread":"tokio-rt-worker","ts":"2026-05-26T18:29:46.848946Z"}}
{"data":{"args":{"debug":"false","invocation_command":"C:\\Users\\sagir\\.local\\bin\\dbt.exe license info --json --log-format json","log_format":"json","quiet":"false","write_json":"true"}},"info":{"category":"","code":"A002","extra":{},"invocation_id":"019e658c-cc7b-7a90-b95d-5f7c73136aa0","level":"debug","msg":"running dbt-fusion with arguments {\"command\":\"license\",\"vars\":\"{}\",\"limit\":\"10\",\"debug\":false,\"log_format\":\"json\",\"quiet\":false,\"write_json\":true,\"write_catalog\":false}","name":"MainReportArgs","pid":14960,"thread":"tokio-rt-worker","ts":"2026-05-26T18:29:46.849574Z"}}
{"data":{},"info":{"category":"","code":"","extra":{},"invocation_id":"019e658c-cc7b-7a90-b95d-5f7c73136aa0","level":"debug","msg":"No active cloud project configured, skipping remote license","name":"Generic","pid":14960,"thread":"tokio-rt-worker","ts":"2026-05-26T18:29:46.910859Z"}}
{"data":{"columns":[],"is_inline":true,"node_name":"license_info","output_format":"json","preview":"{\n  \"status\": \"not_found\",\n  \"licensing_enabled\": true\n}","unique_id":"license.info"},"info":{"category":"","code":"Q041","extra":{},"invocation_id":"019e658c-cc7b-7a90-b95d-5f7c73136aa0","level":"info","msg":"{\n  \"status\": \"not_found\",\n  \"licensing_enabled\": true\n}","name":"ShowNode","pid":14960,"thread":"tokio-rt-worker","ts":"2026-05-26T18:29:46.914052Z"}}
{"data":{"completed_at":"2026-05-26T18:29:47.213394Z","elapsed":0.37302061915397644,"success":true},"info":{"category":"","code":"Q039","extra":{},"invocation_id":"019e658c-cc7b-7a90-b95d-5f7c73136aa0","level":"info","msg":"\n==================== Execution Summary =====================\nFinished 'license' successfully [373ms]","name":"CommandCompleted","pid":14960,"thread":"tokio-rt-worker","ts":"2026-05-26T18:29:47.220434Z"}}
{"data":{"log_version":3,"version":"=2.0.0-preview.177"},"info":{"category":"","code":"A001","extra":{},"invocation_id":"019e664d-4c9b-7ae1-b132-21b0c81b1e65","level":"info","msg":"Running with dbt-fusion=2.0.0-preview.177","name":"MainReportVersion","pid":41352,"thread":"tokio-rt-worker","ts":"2026-05-26T22:00:02.609744Z"}}
{"data":{"args":{"debug":"false","invocation_command":"C:\\Users\\sagir\\.local\\bin\\dbt.exe license info --json --log-format json","log_format":"json","quiet":"false","write_json":"true"}},"info":{"category":"","code":"A002","extra":{},"invocation_id":"019e664d-4c9b-7ae1-b132-21b0c81b1e65","level":"debug","msg":"running dbt-fusion with arguments {\"command\":\"license\",\"vars\":\"{}\",\"limit\":\"10\",\"debug\":false,\"log_format\":\"json\",\"quiet\":false,\"write_json\":true,\"write_catalog\":false}","name":"MainReportArgs","pid":41352,"thread":"tokio-rt-worker","ts":"2026-05-26T22:00:02.610021Z"}}
{"data":{},"info":{"category":"","code":"","extra":{},"invocation_id":"019e664d-4c9b-7ae1-b132-21b0c81b1e65","level":"debug","msg":"No active cloud project configured, skipping remote license","name":"Generic","pid":41352,"thread":"tokio-rt-worker","ts":"2026-05-26T22:00:02.658869Z"}}
{"data":{"columns":[],"is_inline":true,"node_name":"license_info","output_format":"json","preview":"{\n  \"status\": \"not_found\",\n  \"licensing_enabled\": true\n}","unique_id":"license.info"},"info":{"category":"","code":"Q041","extra":{},"invocation_id":"019e664d-4c9b-7ae1-b132-21b0c81b1e65","level":"info","msg":"{\n  \"status\": \"not_found\",\n  \"licensing_enabled\": true\n}","name":"ShowNode","pid":41352,"thread":"tokio-rt-worker","ts":"2026-05-26T22:00:02.666426Z"}}
{"data":{"completed_at":"2026-05-26T22:00:03.137755Z","elapsed":0.5443210005760193,"success":true},"info":{"category":"","code":"Q039","extra":{},"invocation_id":"019e664d-4c9b-7ae1-b132-21b0c81b1e65","level":"info","msg":"\n==================== Execution Summary =====================\nFinished 'license' successfully [544ms]","name":"CommandCompleted","pid":41352,"thread":"tokio-rt-worker","ts":"2026-05-26T22:00:03.150692Z"}}
{"data":{"log_version":3,"version":"=2.0.0-preview.177"},"info":{"category":"","code":"A001","extra":{},"invocation_id":"019e8330-4544-7893-9524-99ec4432a9b5","level":"info","msg":"Running with dbt-fusion=2.0.0-preview.177","name":"MainReportVersion","pid":96636,"thread":"tokio-rt-worker","ts":"2026-06-01T12:37:19.499437Z"}}
{"data":{"args":{"debug":"false","invocation_command":"C:\\Users\\sagir\\.local\\bin\\dbt.exe license info --json --log-format json","log_format":"json","quiet":"false","write_json":"true"}},"info":{"category":"","code":"A002","extra":{},"invocation_id":"019e8330-4544-7893-9524-99ec4432a9b5","level":"debug","msg":"running dbt-fusion with arguments {\"command\":\"license\",\"vars\":\"{}\",\"limit\":\"10\",\"debug\":false,\"log_format\":\"json\",\"quiet\":false,\"write_json\":true,\"write_catalog\":false}","name":"MainReportArgs","pid":96636,"thread":"tokio-rt-worker","ts":"2026-06-01T12:37:19.500158Z"}}
{"data":{},"info":{"category":"","code":"","extra":{},"invocation_id":"019e8330-4544-7893-9524-99ec4432a9b5","level":"debug","msg":"No active cloud project configured, skipping remote license","name":"Generic","pid":96636,"thread":"tokio-rt-worker","ts":"2026-06-01T12:37:19.624664Z"}}
{"data":{"columns":[],"is_inline":true,"node_name":"license_info","output_format":"json","preview":"{\n  \"status\": \"not_found\",\n  \"licensing_enabled\": true\n}","unique_id":"license.info"},"info":{"category":"","code":"Q041","extra":{},"invocation_id":"019e8330-4544-7893-9524-99ec4432a9b5","level":"info","msg":"{\n  \"status\": \"not_found\",\n  \"licensing_enabled\": true\n}","name":"ShowNode","pid":96636,"thread":"tokio-rt-worker","ts":"2026-06-01T12:37:19.628948Z"}}
{"data":{"completed_at":"2026-06-01T12:37:20.049354Z","elapsed":0.5630001425743103,"success":true},"info":{"category":"","code":"Q039","extra":{},"invocation_id":"019e8330-4544-7893-9524-99ec4432a9b5","level":"info","msg":"\n==================== Execution Summary =====================\nFinished 'license' successfully [563ms]","name":"CommandCompleted","pid":96636,"thread":"tokio-rt-worker","ts":"2026-06-01T12:37:20.056079Z"}}
{"data":{"log_version":3,"version":"=2.0.0-preview.177"},"info":{"category":"","code":"A001","extra":{},"invocation_id":"019e983c-b06d-7f30-92e9-94712c66a296","level":"info","msg":"Running with dbt-fusion=2.0.0-preview.177","name":"MainReportVersion","pid":32192,"thread":"tokio-rt-worker","ts":"2026-06-05T14:42:54.745392Z"}}
{"data":{"args":{"debug":"false","invocation_command":"C:\\Users\\sagir\\.local\\bin\\dbt.exe license info --json --log-format json","log_format":"json","quiet":"false","write_json":"true"}},"info":{"category":"","code":"A002","extra":{},"invocation_id":"019e983c-b06d-7f30-92e9-94712c66a296","level":"debug","msg":"running dbt-fusion with arguments {\"command\":\"license\",\"vars\":\"{}\",\"limit\":\"10\",\"debug\":false,\"log_format\":\"json\",\"quiet\":false,\"write_json\":true,\"write_catalog\":false}","name":"MainReportArgs","pid":32192,"thread":"tokio-rt-worker","ts":"2026-06-05T14:42:54.745422Z"}}
{"data":{},"info":{"category":"","code":"","extra":{},"invocation_id":"019e983c-b06d-7f30-92e9-94712c66a296","level":"debug","msg":"No active cloud project configured, skipping remote license","name":"Generic","pid":32192,"thread":"tokio-rt-worker","ts":"2026-06-05T14:42:54.779692Z"}}
{"data":{"columns":[],"is_inline":true,"node_name":"license_info","output_format":"json","preview":"{\n  \"status\": \"not_found\",\n  \"licensing_enabled\": true\n}","unique_id":"license.info"},"info":{"category":"","code":"Q041","extra":{},"invocation_id":"019e983c-b06d-7f30-92e9-94712c66a296","level":"info","msg":"{\n  \"status\": \"not_found\",\n  \"licensing_enabled\": true\n}","name":"ShowNode","pid":32192,"thread":"tokio-rt-worker","ts":"2026-06-05T14:42:54.783266Z"}}
{"data":{"completed_at":"2026-06-05T14:42:54.943332Z","elapsed":0.20872288942337036,"success":true},"info":{"category":"","code":"Q039","extra":{},"invocation_id":"019e983c-b06d-7f30-92e9-94712c66a296","level":"info","msg":"\n==================== Execution Summary =====================\nFinished 'license' successfully [208ms]","name":"CommandCompleted","pid":32192,"thread":"tokio-rt-worker","ts":"2026-06-05T14:42:54.947914Z"}}
{"data":{"log_version":3,"version":"=2.0.0-preview.177"},"info":{"category":"","code":"A001","extra":{},"invocation_id":"019e984f-2b5a-7f80-81b6-50916e7984d0","level":"info","msg":"Running with dbt-fusion=2.0.0-preview.177","name":"MainReportVersion","pid":34956,"thread":"tokio-rt-worker","ts":"2026-06-05T15:03:05.912331Z"}}
{"data":{"args":{"debug":"false","invocation_command":"C:\\Users\\sagir\\.local\\bin\\dbt.exe license info --json --log-format json","log_format":"json","quiet":"false","write_json":"true"}},"info":{"category":"","code":"A002","extra":{},"invocation_id":"019e984f-2b5a-7f80-81b6-50916e7984d0","level":"debug","msg":"running dbt-fusion with arguments {\"command\":\"license\",\"vars\":\"{}\",\"limit\":\"10\",\"debug\":false,\"log_format\":\"json\",\"quiet\":false,\"write_json\":true,\"write_catalog\":false}","name":"MainReportArgs","pid":34956,"thread":"tokio-rt-worker","ts":"2026-06-05T15:03:05.912855Z"}}
{"data":{},"info":{"category":"","code":"","extra":{},"invocation_id":"019e984f-2b5a-7f80-81b6-50916e7984d0","level":"debug","msg":"No active cloud project configured, skipping remote license","name":"Generic","pid":34956,"thread":"tokio-rt-worker","ts":"2026-06-05T15:03:05.995375Z"}}
{"data":{"columns":[],"is_inline":true,"node_name":"license_info","output_format":"json","preview":"{\n  \"status\": \"not_found\",\n  \"licensing_enabled\": true\n}","unique_id":"license.info"},"info":{"category":"","code":"Q041","extra":{},"invocation_id":"019e984f-2b5a-7f80-81b6-50916e7984d0","level":"info","msg":"{\n  \"status\": \"not_found\",\n  \"licensing_enabled\": true\n}","name":"ShowNode","pid":34956,"thread":"tokio-rt-worker","ts":"2026-06-05T15:03:05.998050Z"}}
{"data":{"completed_at":"2026-06-05T15:03:06.301750Z","elapsed":0.3965089023113251,"success":true},"info":{"category":"","code":"Q039","extra":{},"invocation_id":"019e984f-2b5a-7f80-81b6-50916e7984d0","level":"info","msg":"\n==================== Execution Summary =====================\nFinished 'license' successfully [396ms]","name":"CommandCompleted","pid":34956,"thread":"tokio-rt-worker","ts":"2026-06-05T15:03:06.305904Z"}}
{"data":{"log_version":3,"version":"=2.0.0-preview.177"},"info":{"category":"","code":"A001","extra":{},"invocation_id":"019ec287-90d6-79b0-b779-06fe3b4d0c53","level":"info","msg":"Running with dbt-fusion=2.0.0-preview.177","name":"MainReportVersion","pid":35564,"thread":"tokio-rt-worker","ts":"2026-06-13T19:48:45.066679Z"}}
{"data":{"args":{"debug":"false","invocation_command":"C:\\Users\\sagir\\.local\\bin\\dbt.exe license info --json --log-format json","log_format":"json","quiet":"false","write_json":"true"}},"info":{"category":"","code":"A002","extra":{},"invocation_id":"019ec287-90d6-79b0-b779-06fe3b4d0c53","level":"debug","msg":"running dbt-fusion with arguments {\"command\":\"license\",\"vars\":\"{}\",\"limit\":\"10\",\"debug\":false,\"log_format\":\"json\",\"quiet\":false,\"write_json\":true,\"write_catalog\":false}","name":"MainReportArgs","pid":35564,"thread":"tokio-rt-worker","ts":"2026-06-13T19:48:45.067706Z"}}
{"data":{},"info":{"category":"","code":"","extra":{},"invocation_id":"019ec287-90d6-79b0-b779-06fe3b4d0c53","level":"debug","msg":"No active cloud project configured, skipping remote license","name":"Generic","pid":35564,"thread":"tokio-rt-worker","ts":"2026-06-13T19:48:45.181594Z"}}
{"data":{"columns":[],"is_inline":true,"node_name":"license_info","output_format":"json","preview":"{\n  \"status\": \"not_found\",\n  \"licensing_enabled\": true\n}","unique_id":"license.info"},"info":{"category":"","code":"Q041","extra":{},"invocation_id":"019ec287-90d6-79b0-b779-06fe3b4d0c53","level":"info","msg":"{\n  \"status\": \"not_found\",\n  \"licensing_enabled\": true\n}","name":"ShowNode","pid":35564,"thread":"tokio-rt-worker","ts":"2026-06-13T19:48:45.194475Z"}}
{"data":{"completed_at":"2026-06-13T19:48:45.554392Z","elapsed":0.5050629377365112,"success":true},"info":{"category":"","code":"Q039","extra":{},"invocation_id":"019ec287-90d6-79b0-b779-06fe3b4d0c53","level":"info","msg":"\n==================== Execution Summary =====================\nFinished 'license' successfully [505ms]","name":"CommandCompleted","pid":35564,"thread":"tokio-rt-worker","ts":"2026-06-13T19:48:45.562506Z"}}
{"data":{"log_version":3,"version":"=2.0.0-preview.177"},"info":{"category":"","code":"A001","extra":{},"invocation_id":"019ec297-a6c0-7611-be2e-57303b889e77","level":"info","msg":"Running with dbt-fusion=2.0.0-preview.177","name":"MainReportVersion","pid":8668,"thread":"tokio-rt-worker","ts":"2026-06-13T20:06:19.123087Z"}}
{"data":{"args":{"debug":"false","invocation_command":"C:\\Users\\sagir\\.local\\bin\\dbt.exe license info --json --log-format json","log_format":"json","quiet":"false","write_json":"true"}},"info":{"category":"","code":"A002","extra":{},"invocation_id":"019ec297-a6c0-7611-be2e-57303b889e77","level":"debug","msg":"running dbt-fusion with arguments {\"command\":\"license\",\"vars\":\"{}\",\"limit\":\"10\",\"debug\":false,\"log_format\":\"json\",\"quiet\":false,\"write_json\":true,\"write_catalog\":false}","name":"MainReportArgs","pid":8668,"thread":"tokio-rt-worker","ts":"2026-06-13T20:06:19.123226Z"}}
{"data":{},"info":{"category":"","code":"","extra":{},"invocation_id":"019ec297-a6c0-7611-be2e-57303b889e77","level":"debug","msg":"No active cloud project configured, skipping remote license","name":"Generic","pid":8668,"thread":"tokio-rt-worker","ts":"2026-06-13T20:06:19.151088Z"}}
{"data":{"columns":[],"is_inline":true,"node_name":"license_info","output_format":"json","preview":"{\n  \"status\": \"not_found\",\n  \"licensing_enabled\": true\n}","unique_id":"license.info"},"info":{"category":"","code":"Q041","extra":{},"invocation_id":"019ec297-a6c0-7611-be2e-57303b889e77","level":"info","msg":"{\n  \"status\": \"not_found\",\n  \"licensing_enabled\": true\n}","name":"ShowNode","pid":8668,"thread":"tokio-rt-worker","ts":"2026-06-13T20:06:19.154616Z"}}
{"data":{"completed_at":"2026-06-13T20:06:19.384108Z","elapsed":0.2695809006690979,"success":true},"info":{"category":"","code":"Q039","extra":{},"invocation_id":"019ec297-a6c0-7611-be2e-57303b889e77","level":"info","msg":"\n==================== Execution Summary =====================\nFinished 'license' successfully [269ms]","name":"CommandCompleted","pid":8668,"thread":"tokio-rt-worker","ts":"2026-06-13T20:06:19.387310Z"}}
{"data":{"log_version":3,"version":"=2.0.0-preview.177"},"info":{"category":"","code":"A001","extra":{},"invocation_id":"019ec2f7-06d2-7581-871a-af1ba1351f37","level":"info","msg":"Running with dbt-fusion=2.0.0-preview.177","name":"MainReportVersion","pid":37656,"thread":"tokio-rt-worker","ts":"2026-06-13T21:50:29.613041Z"}}
{"data":{"args":{"debug":"false","invocation_command":"C:\\Users\\sagir\\.local\\bin\\dbt.exe license info --json --log-format json","log_format":"json","quiet":"false","write_json":"true"}},"info":{"category":"","code":"A002","extra":{},"invocation_id":"019ec2f7-06d2-7581-871a-af1ba1351f37","level":"debug","msg":"running dbt-fusion with arguments {\"command\":\"license\",\"vars\":\"{}\",\"limit\":\"10\",\"debug\":false,\"log_format\":\"json\",\"quiet\":false,\"write_json\":true,\"write_catalog\":false}","name":"MainReportArgs","pid":37656,"thread":"tokio-rt-worker","ts":"2026-06-13T21:50:29.613075Z"}}
{"data":{},"info":{"category":"","code":"","extra":{},"invocation_id":"019ec2f7-06d2-7581-871a-af1ba1351f37","level":"debug","msg":"No active cloud project configured, skipping remote license","name":"Generic","pid":37656,"thread":"tokio-rt-worker","ts":"2026-06-13T21:50:29.625712Z"}}
{"data":{"columns":[],"is_inline":true,"node_name":"license_info","output_format":"json","preview":"{\n  \"status\": \"not_found\",\n  \"licensing_enabled\": true\n}","unique_id":"license.info"},"info":{"category":"","code":"Q041","extra":{},"invocation_id":"019ec2f7-06d2-7581-871a-af1ba1351f37","level":"info","msg":"{\n  \"status\": \"not_found\",\n  \"licensing_enabled\": true\n}","name":"ShowNode","pid":37656,"thread":"tokio-rt-worker","ts":"2026-06-13T21:50:29.627348Z"}}
{"data":{"completed_at":"2026-06-13T21:50:29.829331Z","elapsed":0.221418097615242,"success":true},"info":{"category":"","code":"Q039","extra":{},"invocation_id":"019ec2f7-06d2-7581-871a-af1ba1351f37","level":"info","msg":"\n==================== Execution Summary =====================\nFinished 'license' successfully [221ms]","name":"CommandCompleted","pid":37656,"thread":"tokio-rt-worker","ts":"2026-06-13T21:50:29.832657Z"}}
{"data":{"log_version":3,"version":"=2.0.0-preview.177"},"info":{"category":"","code":"A001","extra":{},"invocation_id":"019ec2ff-9a22-74f3-accb-e19cf48db0c5","level":"info","msg":"Running with dbt-fusion=2.0.0-preview.177","name":"MainReportVersion","pid":15268,"thread":"tokio-rt-worker","ts":"2026-06-13T21:59:51.589361Z"}}
{"data":{"args":{"debug":"false","invocation_command":"C:\\Users\\sagir\\.local\\bin\\dbt.exe license info --json --log-format json","log_format":"json","quiet":"false","write_json":"true"}},"info":{"category":"","code":"A002","extra":{},"invocation_id":"019ec2ff-9a22-74f3-accb-e19cf48db0c5","level":"debug","msg":"running dbt-fusion with arguments {\"command\":\"license\",\"vars\":\"{}\",\"limit\":\"10\",\"debug\":false,\"log_format\":\"json\",\"quiet\":false,\"write_json\":true,\"write_catalog\":false}","name":"MainReportArgs","pid":15268,"thread":"tokio-rt-worker","ts":"2026-06-13T21:59:51.589402Z"}}
{"data":{},"info":{"category":"","code":"","extra":{},"invocation_id":"019ec2ff-9a22-74f3-accb-e19cf48db0c5","level":"debug","msg":"No active cloud project configured, skipping remote license","name":"Generic","pid":15268,"thread":"tokio-rt-worker","ts":"2026-06-13T21:59:51.593909Z"}}
{"data":{"columns":[],"is_inline":true,"node_name":"license_info","output_format":"json","preview":"{\n  \"status\": \"not_found\",\n  \"licensing_enabled\": true\n}","unique_id":"license.info"},"info":{"category":"","code":"Q041","extra":{},"invocation_id":"019ec2ff-9a22-74f3-accb-e19cf48db0c5","level":"info","msg":"{\n  \"status\": \"not_found\",\n  \"licensing_enabled\": true\n}","name":"ShowNode","pid":15268,"thread":"tokio-rt-worker","ts":"2026-06-13T21:59:51.594355Z"}}
{"data":{"completed_at":"2026-06-13T21:59:51.821645Z","elapsed":0.2324496954679489,"success":true},"info":{"category":"","code":"Q039","extra":{},"invocation_id":"019ec2ff-9a22-74f3-accb-e19cf48db0c5","level":"info","msg":"\n==================== Execution Summary =====================\nFinished 'license' successfully [232ms]","name":"CommandCompleted","pid":15268,"thread":"tokio-rt-worker","ts":"2026-06-13T21:59:51.821762Z"}}
{"data":{"log_version":3,"version":"=2.0.0-preview.177"},"info":{"category":"","code":"A001","extra":{},"invocation_id":"019edb57-effe-7241-909e-b5eaa1851db7","level":"info","msg":"Running with dbt-fusion=2.0.0-preview.177","name":"MainReportVersion","pid":10784,"thread":"tokio-rt-worker","ts":"2026-06-18T15:27:13.999663Z"}}
{"data":{"args":{"debug":"false","invocation_command":"C:\\Users\\sagir\\.local\\bin\\dbt.exe license info --json --log-format json","log_format":"json","quiet":"false","write_json":"true"}},"info":{"category":"","code":"A002","extra":{},"invocation_id":"019edb57-effe-7241-909e-b5eaa1851db7","level":"debug","msg":"running dbt-fusion with arguments {\"command\":\"license\",\"vars\":\"{}\",\"limit\":\"10\",\"debug\":false,\"log_format\":\"json\",\"quiet\":false,\"write_json\":true,\"write_catalog\":false}","name":"MainReportArgs","pid":10784,"thread":"tokio-rt-worker","ts":"2026-06-18T15:27:14.000076Z"}}
{"data":{},"info":{"category":"","code":"","extra":{},"invocation_id":"019edb57-effe-7241-909e-b5eaa1851db7","level":"debug","msg":"No active cloud project configured, skipping remote license","name":"Generic","pid":10784,"thread":"tokio-rt-worker","ts":"2026-06-18T15:27:14.049772Z"}}
{"data":{"columns":[],"is_inline":true,"node_name":"license_info","output_format":"json","preview":"{\n  \"status\": \"not_found\",\n  \"licensing_enabled\": true\n}","unique_id":"license.info"},"info":{"category":"","code":"Q041","extra":{},"invocation_id":"019edb57-effe-7241-909e-b5eaa1851db7","level":"info","msg":"{\n  \"status\": \"not_found\",\n  \"licensing_enabled\": true\n}","name":"ShowNode","pid":10784,"thread":"tokio-rt-worker","ts":"2026-06-18T15:27:14.051665Z"}}
{"data":{"completed_at":"2026-06-18T15:27:14.352263Z","elapsed":0.36271628737449646,"success":true},"info":{"category":"","code":"Q039","extra":{},"invocation_id":"019edb57-effe-7241-909e-b5eaa1851db7","level":"info","msg":"\n==================== Execution Summary =====================\nFinished 'license' successfully [362ms]","name":"CommandCompleted","pid":10784,"thread":"tokio-rt-worker","ts":"2026-06-18T15:27:14.362487Z"}}
{"data":{"log_version":3,"version":"=2.0.0-preview.177"},"info":{"category":"","code":"A001","extra":{},"invocation_id":"019ef2ee-d017-7472-9d5b-b32e526db9b0","level":"info","msg":"Running with dbt-fusion=2.0.0-preview.177","name":"MainReportVersion","pid":15052,"thread":"tokio-rt-worker","ts":"2026-06-23T05:23:17.902606Z"}}
{"data":{"args":{"debug":"false","invocation_command":"C:\\Users\\sagir\\.local\\bin\\dbt.exe license info --json --log-format json","log_format":"json","quiet":"false","write_json":"true"}},"info":{"category":"","code":"A002","extra":{},"invocation_id":"019ef2ee-d017-7472-9d5b-b32e526db9b0","level":"debug","msg":"running dbt-fusion with arguments {\"command\":\"license\",\"vars\":\"{}\",\"limit\":\"10\",\"debug\":false,\"log_format\":\"json\",\"quiet\":false,\"write_json\":true,\"write_catalog\":false}","name":"MainReportArgs","pid":15052,"thread":"tokio-rt-worker","ts":"2026-06-23T05:23:17.902891Z"}}
{"data":{},"info":{"category":"","code":"","extra":{},"invocation_id":"019ef2ee-d017-7472-9d5b-b32e526db9b0","level":"debug","msg":"No active cloud project configured, skipping remote license","name":"Generic","pid":15052,"thread":"tokio-rt-worker","ts":"2026-06-23T05:23:18.081004Z"}}
{"data":{"columns":[],"is_inline":true,"node_name":"license_info","output_format":"json","preview":"{\n  \"status\": \"not_found\",\n  \"licensing_enabled\": true\n}","unique_id":"license.info"},"info":{"category":"","code":"Q041","extra":{},"invocation_id":"019ef2ee-d017-7472-9d5b-b32e526db9b0","level":"info","msg":"{\n  \"status\": \"not_found\",\n  \"licensing_enabled\": true\n}","name":"ShowNode","pid":15052,"thread":"tokio-rt-worker","ts":"2026-06-23T05:23:18.092267Z"}}
{"data":{"completed_at":"2026-06-23T05:23:18.765768Z","elapsed":0.8856988549232483,"success":true},"info":{"category":"","code":"Q039","extra":{},"invocation_id":"019ef2ee-d017-7472-9d5b-b32e526db9b0","level":"info","msg":"\n==================== Execution Summary =====================\nFinished 'license' successfully [885ms]","name":"CommandCompleted","pid":15052,"thread":"tokio-rt-worker","ts":"2026-06-23T05:23:18.773960Z"}}
{"data":{"log_version":3,"version":"=2.0.0-preview.177"},"info":{"category":"","code":"A001","extra":{},"invocation_id":"019f0382-53c6-7a81-8a6f-58b6aa840d57","level":"info","msg":"Running with dbt-fusion=2.0.0-preview.177","name":"MainReportVersion","pid":6480,"thread":"tokio-rt-worker","ts":"2026-06-26T10:38:20.696849Z"}}
{"data":{"args":{"debug":"false","invocation_command":"C:\\Users\\sagir\\.local\\bin\\dbt.exe license info --json --log-format json","log_format":"json","quiet":"false","write_json":"true"}},"info":{"category":"","code":"A002","extra":{},"invocation_id":"019f0382-53c6-7a81-8a6f-58b6aa840d57","level":"debug","msg":"running dbt-fusion with arguments {\"command\":\"license\",\"vars\":\"{}\",\"limit\":\"10\",\"debug\":false,\"log_format\":\"json\",\"quiet\":false,\"write_json\":true,\"write_catalog\":false}","name":"MainReportArgs","pid":6480,"thread":"tokio-rt-worker","ts":"2026-06-26T10:38:20.697462Z"}}
{"data":{},"info":{"category":"","code":"","extra":{},"invocation_id":"019f0382-53c6-7a81-8a6f-58b6aa840d57","level":"debug","msg":"No active cloud project configured, skipping remote license","name":"Generic","pid":6480,"thread":"tokio-rt-worker","ts":"2026-06-26T10:38:20.755883Z"}}
{"data":{"columns":[],"is_inline":true,"node_name":"license_info","output_format":"json","preview":"{\n  \"status\": \"not_found\",\n  \"licensing_enabled\": true\n}","unique_id":"license.info"},"info":{"category":"","code":"Q041","extra":{},"invocation_id":"019f0382-53c6-7a81-8a6f-58b6aa840d57","level":"info","msg":"{\n  \"status\": \"not_found\",\n  \"licensing_enabled\": true\n}","name":"ShowNode","pid":6480,"thread":"tokio-rt-worker","ts":"2026-06-26T10:38:20.759207Z"}}
{"data":{"completed_at":"2026-06-26T10:38:21.058924Z","elapsed":0.3718973994255066,"success":true},"info":{"category":"","code":"Q039","extra":{},"invocation_id":"019f0382-53c6-7a81-8a6f-58b6aa840d57","level":"info","msg":"\n==================== Execution Summary =====================\nFinished 'license' successfully [371ms]","name":"CommandCompleted","pid":6480,"thread":"tokio-rt-worker","ts":"2026-06-26T10:38:21.063624Z"}}
