==================== 2026-04-29T13:42:58.067464Z | ef1eb0d7-a5ca-44b5-9baf-e99070f860e0 ====================
13:42:58.069115 [info ]: Starting dbt LSP server
13:42:58.069415 [info ]: Connecting to LSP client on port 8000
13:42:58.071868 [info ]: Successfully connected to LSP client
13:42:58.071878 [info ]: Creating LSP service...
13:42:58.157919 [info ]: Creating LSP server...
13:42:58.157945 [info ]: Starting LSP server...
13:42:58.206891 [info ]: Started loading project
13:42:58.425206 [info ]: Started parsing
13:42:58.470090 [info ]: Finished loading project [  0.26s]
13:42:58.504010 [info ]: Finished parsing [  0.08s]
13:42:58.506211 [info ]: Cached model count updated: 0 models (estimate)
13:42:58.506225 [info ]: Cached model count updated: 0 models (accurate)
13:42:58.510011 [info ]: Started scheduling
13:42:58.513640 [info ]: Finished scheduling [  0.00s]
13:42:58.755752 [info ]: Started building task graph
13:42:58.759390 [info ]: Finished building task graph [  0.00s]
13:42:58.781534 [info ]: Cached model count updated: 0 models (accurate)
13:45:50.658821 [info ]: Started loading project
13:45:50.659003 [info ]: Finished loading project [  0.00s]
